ARM Linker, 5.03 [Build 76] [MDK-ARM Professional]

==============================================================================

Section Cross References

    startup.o(STACK) refers (Special) to heapauxi.o(.text) for __use_two_region_memory
    startup.o(HEAP) refers (Special) to heapauxi.o(.text) for __use_two_region_memory
    startup.o(RESET) refers (Special) to heapauxi.o(.text) for __use_two_region_memory
    startup.o(RESET) refers to startup.o(STACK) for StackMem
    startup.o(RESET) refers to timer0.o(i.Timer0A_Handler) for Timer0A_Handler
    startup.o(RESET) refers to timer1.o(i.Timer1A_Handler) for Timer1A_Handler
    startup.o(RESET) refers to spaceinvaders.o(i.Timer2A_Handler) for Timer2A_Handler
    startup.o(RESET) refers to sound.o(i.Timer3A_Handler) for Timer3A_Handler
    startup.o(RESET) refers to texas.o(.text) for Timer4A_Handler
    startup.o(RESET) refers to __main.o(!!!main) for __main
    startup.o(.text) refers (Special) to heapauxi.o(.text) for __use_two_region_memory
    startup.o(.text) refers to startup.o(HEAP) for HeapMem
    startup.o(.text) refers to startup.o(STACK) for StackMem
    random.o(.text) refers to random.o(DATA) for M
    timer0.o(i.Timer0A_Handler) refers to sound.o(i.Sound_InvaderShoot) for Sound_InvaderShoot
    timer0.o(i.Timer0A_Handler) refers to timer0.o(.data) for PeriodicTask0
    timer0.o(i.Timer0_Init) refers to timer0.o(.data) for PeriodicTask0
    timer1.o(i.Timer1A_Handler) refers to timer1.o(.data) for PeriodicTask1
    timer1.o(i.Timer1_Init) refers to timer1.o(.data) for PeriodicTask1
    sound.o(i.SoundOut) refers to sound.o(.data) for Wave
    sound.o(i.Sound_Explosion) refers to sound.o(i.SoundOut) for SoundOut
    sound.o(i.Sound_Explosion) refers to sound.o(.constdata) for explosion
    sound.o(i.Sound_Init) refers to dac.o(i.DAC_Init) for DAC_Init
    sound.o(i.Sound_Init) refers to sound.o(.data) for Index
    sound.o(i.Sound_InvaderShoot) refers to sound.o(i.SoundOut) for SoundOut
    sound.o(i.Sound_InvaderShoot) refers to sound.o(.constdata) for invadershoot
    sound.o(i.Sound_Killed) refers to sound.o(i.SoundOut) for SoundOut
    sound.o(i.Sound_Killed) refers to sound.o(.constdata) for invaderkilled
    sound.o(i.Sound_Play) refers to dac.o(i.DAC_Out) for DAC_Out
    sound.o(i.Sound_Play) refers to sound.o(.data) for SoundCount
    sound.o(i.Sound_Shoot) refers to sound.o(i.SoundOut) for SoundOut
    sound.o(i.Sound_Shoot) refers to sound.o(.constdata) for shoot
    sound.o(i.Timer3A_Handler) refers to sound.o(.data) for PeriodicTask
    sound.o(i.Timer3_Init) refers to sound.o(.data) for PeriodicTask
    print.o(.text) refers (Special) to st7735.o(i.ST7735_OutString) for ST7735_OutString
    print.o(.text) refers to st7735.o(i.ST7735_OutChar) for ST7735_OutChar
    spaceinvaders.o(i.Timer2A_Handler) refers to switches.o(i.Switch_Fire) for Switch_Fire
    spaceinvaders.o(i.Timer2A_Handler) refers to gameengine.o(i.RegMiss_Fire) for RegMiss_Fire
    spaceinvaders.o(i.Timer2A_Handler) refers to sound.o(i.Sound_Shoot) for Sound_Shoot
    spaceinvaders.o(i.Timer2A_Handler) refers to switches.o(i.Spec_Fire) for Spec_Fire
    spaceinvaders.o(i.Timer2A_Handler) refers to gameengine.o(i.SpecMiss_Fire) for SpecMiss_Fire
    spaceinvaders.o(i.Timer2A_Handler) refers to gameengine.o(i.Check_Coll) for Check_Coll
    spaceinvaders.o(i.Timer2A_Handler) refers to gameengine.o(i.MoveThings) for MoveThings
    spaceinvaders.o(i.Timer2A_Handler) refers to spaceinvaders.o(.data) for TimerCount
    spaceinvaders.o(i.Timer2_Init) refers to spaceinvaders.o(.data) for TimerCount
    spaceinvaders.o(i.main) refers to startup.o(.text) for DisableInterrupts
    spaceinvaders.o(i.main) refers to texas.o(.text) for TExaS_Init
    spaceinvaders.o(i.main) refers to random.o(.text) for Random_Init
    spaceinvaders.o(i.main) refers to adc.o(i.ADC_Init) for ADC_Init
    spaceinvaders.o(i.main) refers to dac.o(i.DAC_Init) for DAC_Init
    spaceinvaders.o(i.main) refers to st7735.o(i.Output_Init) for Output_Init
    spaceinvaders.o(i.main) refers to switches.o(i.HeartBeat_Init) for HeartBeat_Init
    spaceinvaders.o(i.main) refers to gameengine.o(i.Game_Init) for Game_Init
    spaceinvaders.o(i.main) refers to timer0.o(i.Timer0_Init) for Timer0_Init
    spaceinvaders.o(i.main) refers to spaceinvaders.o(i.Timer2_Init) for Timer2_Init
    spaceinvaders.o(i.main) refers to sound.o(i.Timer3_Init) for Timer3_Init
    spaceinvaders.o(i.main) refers to gameengine.o(i.Check_GameOver) for Check_GameOver
    spaceinvaders.o(i.main) refers to gameengine.o(i.Game_Over) for Game_Over
    spaceinvaders.o(i.main) refers to gameengine.o(i.Draw_Game) for Draw_Game
    spaceinvaders.o(i.main) refers to gameengine.o(i.EnemMiss_Fire) for EnemMiss_Fire
    spaceinvaders.o(i.main) refers to sound.o(i.Sound_Play) for Sound_Play
    spaceinvaders.o(i.main) refers to spaceinvaders.o(.data) for Semaphore
[...]
    gameengine.o(i.DrawPlayer) refers to gameengine.o(.constdata) for BigExplosion0
    gameengine.o(i.DrawRegMiss) refers to st7735.o(i.ST7735_DrawBitmap) for ST7735_DrawBitmap
    gameengine.o(i.DrawRegMiss) refers to gameengine.o(.bss) for RegMiss
    gameengine.o(i.DrawSpecMiss) refers to st7735.o(i.ST7735_DrawBitmap) for ST7735_DrawBitmap
    gameengine.o(i.DrawSpecMiss) refers to gameengine.o(.bss) for SpecMiss
    gameengine.o(i.Draw_Game) refers to gameengine.o(i.DrawPlayer) for DrawPlayer
    gameengine.o(i.Draw_Game) refers to gameengine.o(i.DrawEnemies) for DrawEnemies
    gameengine.o(i.Draw_Game) refers to gameengine.o(i.DrawRegMiss) for DrawRegMiss
    gameengine.o(i.Draw_Game) refers to gameengine.o(i.DrawEnemMiss) for DrawEnemMiss
    gameengine.o(i.Draw_Game) refers to gameengine.o(i.DrawSpecMiss) for DrawSpecMiss
    gameengine.o(i.EnemMiss_Collision) refers to gameengine.o(.bss) for EnemMiss
    gameengine.o(i.EnemMiss_Collision) refers to gameengine.o(.data) for EnemMissCount
    gameengine.o(i.EnemMiss_Fire) refers to gameengine.o(i.RandomGen) for RandomGen
    gameengine.o(i.EnemMiss_Fire) refers to gameengine.o(.data) for Enemies
    gameengine.o(i.EnemMiss_Fire) refers to gameengine.o(.bss) for Enemy
    gameengine.o(i.EnemMiss_Fire) refers to gameengine.o(.constdata) for Missile0New2
    gameengine.o(i.EnemMiss_Move) refers to gameengine.o(.bss) for EnemMiss
    gameengine.o(i.EnemMiss_Move) refers to gameengine.o(.data) for EnemMissCount
    gameengine.o(i.Enemy_Move) refers to gameengine.o(.bss) for Enemy
    gameengine.o(i.Game_Init) refers to st7735.o(i.ST7735_FillScreen) for ST7735_FillScreen
    gameengine.o(i.Game_Init) refers to st7735.o(i.ST7735_DrawBitmap) for ST7735_DrawBitmap
    gameengine.o(i.Game_Init) refers to gameengine.o(.data) for Enemies
    gameengine.o(i.Game_Init) refers to gameengine.o(.bss) for Player
    gameengine.o(i.Game_Init) refers to gameengine.o(.constdata) for PlayerShipNew
    gameengine.o(i.Game_Over) refers to st7735.o(i.ST7735_SetCursor) for ST7735_SetCursor
    gameengine.o(i.Game_Over) refers to st7735.o(i.ST7735_OutString) for ST7735_OutString
    gameengine.o(i.Game_Over) refers to print.o(.text) for LCD_OutDec
    gameengine.o(i.Game_Over) refers to gameengine.o(.data) for Score
    gameengine.o(i.MoveThings) refers to gameengine.o(i.Enemy_Move) for Enemy_Move
    gameengine.o(i.MoveThings) refers to gameengine.o(i.Player_Move) for Player_Move
    gameengine.o(i.MoveThings) refers to gameengine.o(i.RegMiss_Move) for RegMiss_Move
    gameengine.o(i.MoveThings) refers to gameengine.o(i.EnemMiss_Move) for EnemMiss_Move
    gameengine.o(i.MoveThings) refers to gameengine.o(i.SpecMiss_Move) for SpecMiss_Move
    gameengine.o(i.Player_Move) refers to adc.o(i.ADC_In) for ADC_In
    gameengine.o(i.Player_Move) refers to gameengine.o(i.Convert) for Convert
    gameengine.o(i.Player_Move) refers to gameengine.o(.bss) for Player
    gameengine.o(i.RandomGen) refers to random.o(.text) for Random32
    gameengine.o(i.RegMiss_Collision) refers to sound.o(i.Sound_Killed) for Sound_Killed
    gameengine.o(i.RegMiss_Collision) refers to gameengine.o(.bss) for RegMiss
    gameengine.o(i.RegMiss_Collision) refers to gameengine.o(.data) for Score
    gameengine.o(i.RegMiss_Fire) refers to gameengine.o(.data) for RegMissCount
    gameengine.o(i.RegMiss_Fire) refers to gameengine.o(.bss) for Player
    gameengine.o(i.RegMiss_Fire) refers to gameengine.o(.constdata) for Missile0New
    gameengine.o(i.RegMiss_Move) refers to gameengine.o(.bss) for RegMiss
    gameengine.o(i.RegMiss_Move) refers to gameengine.o(.data) for RegMissCount
    gameengine.o(i.SpecMiss_Collision) refers to sound.o(i.Sound_Killed) for Sound_Killed
    gameengine.o(i.SpecMiss_Collision) refers to gameengine.o(.bss) for SpecMiss
    gameengine.o(i.SpecMiss_Collision) refers to gameengine.o(.data) for Score
    gameengine.o(i.SpecMiss_Fire) refers to gameengine.o(.data) for SpecMissCount
    gameengine.o(i.SpecMiss_Fire) refers to gameengine.o(.bss) for Player
    gameengine.o(i.SpecMiss_Fire) refers to gameengine.o(.constdata) for bomb
    gameengine.o(i.SpecMiss_Move) refers to gameengine.o(.bss) for SpecMiss
    gameengine.o(i.SpecMiss_Move) refers to gameengine.o(.data) for SpecMissCount
    switches.o(i.Spec_Fire) refers to switches.o(.data) for PrevSpecMiss
    switches.o(i.Switch_Fire) refers to switches.o(.data) for PrevRegMiss
    texas.o(.text) refers to texas.o(.bss) for TExaS
    texas.o(.text) refers to texas.o(.constdata) for IntroMsg
    texas.o(.text) refers to texas.o(.data) for LastMode
    __main.o(!!!main) refers to rtentry.o(.ARM.Collect$$rtentry$$00000000) for __rt_entry
    rtentry.o(.ARM.Collect$$rtentry$$00000000) refers (Special) to rtentry2.o(.ARM.Collect$$rtentry$$0000000A) for __rt_entry_li
    rtentry.o(.ARM.Collect$$rtentry$$00000000) refers (Special) to rtentry2.o(.ARM.Collect$$rtentry$$0000000D) for __rt_entry_main
    rtentry.o(.ARM.Collect$$rtentry$$00000000) refers (Special) to rtentry2.o(.ARM.Collect$$rtentry$$0000000C) for __rt_entry_postli_1
    rtentry.o(.ARM.Collect$$rtentry$$00000000) refers (Special) to rtentry2.o(.ARM.Collect$$rtentry$$00000009) for __rt_entry_postsh_1
    rtentry.o(.ARM.Collect$$rtentry$$00000000) refers (Special) to rtentry2.o(.ARM.Collect$$rtentry$$00000002) for __rt_entry_presh_1
    rtentry.o(.ARM.Collect$$rtentry$$00000000) refers (Special) to rtentry4.o(.ARM.Collect$$rtentry$$00000004) for __rt_entry_sh
    rtentry2.o(.ARM.Collect$$rtentry$$00000008) refers to boardinit2.o(.text) for _platform_post_stackheap_init
    rtentry2.o(.ARM.Collect$$rtentry$$0000000A) refers to libinit.o(.ARM.Collect$$libinit$$00000000) for __rt_lib_init
    rtentry2.o(.ARM.Collect$$rtentry$$0000000B) refers to boardinit3.o(.text) for _platform_post_lib_init
    rtentry2.o(.ARM.Collect$$rtentry$$0000000D) refers to spaceinvaders.o(i.main) for main
    rtentry2.o(.ARM.Collect$$rtentry$$0000000D) refers to exit.o(.text) for exit
    rtentry2.o(.ARM.exidx) refers to rtentry2.o(.ARM.Collect$$rtentry$$00000001) for .ARM.Collect$$rtentry$$00000001
    rtentry2.o(.ARM.exidx) refers to rtentry2.o(.ARM.Collect$$rtentry$$00000008) for .ARM.Collect$$rtentry$$00000008
    rtentry2.o(.ARM.exidx) refers to rtentry2.o(.ARM.Collect$$rtentry$$0000000A) for .ARM.Collect$$rtentry$$0000000A
    rtentry2.o(.ARM.exidx) refers to rtentry2.o(.ARM.Collect$$rtentry$$0000000B) for .ARM.Collect$$rtentry$$0000000B
    rtentry2.o(.ARM.exidx) refers to rtentry2.o(.ARM.Collect$$rtentry$$0000000D) for .ARM.Collect$$rtentry$$0000000D
    rtentry4.o(.ARM.Collect$$rtentry$$00000004) refers to sys_stackheap_outer.o(.text) for __user_setup_stackheap
    rtentry4.o(.ARM.exidx) refers to rtentry4.o(.ARM.Collect$$rtentry$$00000004) for .ARM.Collect$$rtentry$$00000004
    sys_stackheap_outer.o(.text) refers to libspace.o(.text) for __user_perproc_libspace
    sys_stackheap_outer.o(.text) refers to startup.o(.text) for __user_initial_stackheap
    exit.o(.text) refers to rtexit.o(.ARM.Collect$$rtexit$$00000000) for __rt_exit
    libinit.o(.ARM.Collect$$libinit$$00000000) refers (Special) to libinit2.o(.ARM.Collect$$libinit$$0000002C) for __rt_lib_init_alloca_1
    libinit.o(.ARM.Collect$$libinit$$00000000) refers (Special) to libinit2.o(.ARM.Collect$$libinit$$0000002A) for __rt_lib_init_argv_1
    libinit.o(.ARM.Collect$$libinit$$00000000) refers (Special) to libinit2.o(.ARM.Collect$$libinit$$00000019) for __rt_lib_init_atexit_1
    libinit.o(.ARM.Collect$$libinit$$00000000) refers (Special) to libinit2.o(.ARM.Collect$$libinit$$0000001F) for __rt_lib_init_clock_1
    libinit.o(.ARM.Collect$$libinit$$00000000) refers (Special) to libinit2.o(.ARM.Collect$$libinit$$00000030) for __rt_lib_init_cpp_1
    libinit.o(.ARM.Collect$$libinit$$00000000) refers (Special) to libinit2.o(.ARM.Collect$$libinit$$0000002E) for __rt_lib_init_exceptions_1
    libinit.o(.ARM.Collect$$libinit$$00000000) refers (Special) to libinit2.o(.ARM.Collect$$libinit$$00000002) for __rt_lib_init_fp_1
    libinit.o(.ARM.Collect$$libinit$$00000000) refers (Special) to libinit2.o(.ARM.Collect$$libinit$$0000001D) for __rt_lib_init_fp_trap_1
    libinit.o(.ARM.Collect$$libinit$$00000000) refers (Special) to libinit2.o(.ARM.Collect$$libinit$$00000021) for __rt_lib_init_getenv_1
    libinit.o(.ARM.Collect$$libinit$$00000000) refers (Special) to libinit2.o(.ARM.Collect$$libinit$$00000008) for __rt_lib_init_heap_1
    libinit.o(.ARM.Collect$$libinit$$00000000) refers (Special) to libinit2.o(.ARM.Collect$$libinit$$0000000F) for __rt_lib_init_lc_collate_1
    libinit.o(.ARM.Collect$$libinit$$00000000) refers (Special) to libinit2.o(.ARM.Collect$$libinit$$00000011) for __rt_lib_init_lc_ctype_1
    libinit.o(.ARM.Collect$$libinit$$00000000) refers (Special) to libinit2.o(.ARM.Collect$$libinit$$00000013) for __rt_lib_init_lc_monetary_1
    libinit.o(.ARM.Collect$$libinit$$00000000) refers (Special) to libinit2.o(.ARM.Collect$$libinit$$00000015) for __rt_lib_init_lc_numeric_1
    libinit.o(.ARM.Collect$$libinit$$00000000) refers (Special) to libinit2.o(.ARM.Collect$$libinit$$00000017) for __rt_lib_init_lc_time_1
    libinit.o(.ARM.Collect$$libinit$$00000000) refers (Special) to libinit2.o(.ARM.Collect$$libinit$$0000000C) for __rt_lib_init_rand_1
    libinit.o(.ARM.Collect$$libinit$$00000000) refers (Special) to libinit2.o(.ARM.Collect$$libinit$$00000031) for __rt_lib_init_return
    libinit.o(.ARM.Collect$$libinit$$00000000) refers (Special) to libinit2.o(.ARM.Collect$$libinit$$0000001B) for __rt_lib_init_signal_1
    libinit.o(.ARM.Collect$$libinit$$00000000) refers (Special) to libinit2.o(.ARM.Collect$$libinit$$00000023) for __rt_lib_init_stdio_1
    libinit.o(.ARM.Collect$$libinit$$00000000) refers (Special) to libinit2.o(.ARM.Collect$$libinit$$0000000A) for __rt_lib_init_user_alloc_1
    libspace.o(.text) refers to libspace.o(.bss) for __libspace_start
    rtexit.o(.ARM.Collect$$rtexit$$00000000) refers (Special) to rtexit2.o(.ARM.Collect$$rtexit$$00000004) for __rt_exit_exit
    rtexit.o(.ARM.Collect$$rtexit$$00000000) refers (Special) to rtexit2.o(.ARM.Collect$$rtexit$$00000003) for __rt_exit_ls
    rtexit.o(.ARM.Collect$$rtexit$$00000000) refers (Special) to rtexit2.o(.ARM.Collect$$rtexit$$00000002) for __rt_exit_prels_1
    rtexit.o(.ARM.exidx) refers (Special) to rtexit2.o(.ARM.Collect$$rtexit$$00000004) for __rt_exit_exit
    rtexit.o(.ARM.exidx) refers (Special) to rtexit2.o(.ARM.Collect$$rtexit$$00000003) for __rt_exit_ls
    rtexit.o(.ARM.exidx) refers (Special) to rtexit2.o(.ARM.Collect$$rtexit$$00000002) for __rt_exit_prels_1
    rtexit.o(.ARM.exidx) refers to rtexit.o(.ARM.Collect$$rtexit$$00000000) for .ARM.Collect$$rtexit$$00000000
    libinit2.o(.ARM.Collect$$libinit$$0000000E) refers to libinit2.o(.ARM.Collect$$libinit$$0000000D) for .ARM.Collect$$libinit$$0000000D
    libinit2.o(.ARM.Collect$$libinit$$00000010) refers to libinit2.o(.ARM.Collect$$libinit$$0000000D) for .ARM.Collect$$libinit$$0000000D
    libinit2.o(.ARM.Collect$$libinit$$00000012) refers to libinit2.o(.ARM.Collect$$libinit$$0000000D) for .ARM.Collect$$libinit$$0000000D
    libinit2.o(.ARM.Collect$$libinit$$00000014) refers to libinit2.o(.ARM.Collect$$libinit$$0000000D) for .ARM.Collect$$libinit$$0000000D
    libinit2.o(.ARM.Collect$$libinit$$00000016) refers to libinit2.o(.ARM.Collect$$libinit$$0000000D) for .ARM.Collect$$libinit$$0000000D
    libinit2.o(.ARM.Collect$$libinit$$00000024) refers to argv_veneer.o(.emb_text) for __ARM_argv_veneer
    libinit2.o(.ARM.Collect$$libinit$$00000025) refers to argv_veneer.o(.emb_text) for __ARM_argv_veneer
    rtexit2.o(.ARM.Collect$$rtexit$$00000003) refers to libshutdown.o(.ARM.Collect$$libshutdown$$00000000) for __rt_lib_shutdown
    rtexit2.o(.ARM.Collect$$rtexit$$00000004) refers to sys_exit.o(.text) for _sys_exit
    rtexit2.o(.ARM.exidx) refers to rtexit2.o(.ARM.Collect$$rtexit$$00000001) for .ARM.Collect$$rtexit$$00000001
    rtexit2.o(.ARM.exidx) refers to rtexit2.o(.ARM.Collect$$rtexit$$00000003) for .ARM.Collect$$rtexit$$00000003
    rtexit2.o(.ARM.exidx) refers to rtexit2.o(.ARM.Collect$$rtexit$$00000004) for .ARM.Collect$$rtexit$$00000004
    argv_veneer.o(.emb_text) refers to no_argv.o(.text) for __ARM_get_argv
    sys_exit.o(.text) refers (Special) to use_no_semi.o(.text) for __I$use$semihosting
    sys_exit.o(.text) refers (Special) to indicate_semi.o(.text) for __semihosting_library_function
    _get_argv_nomalloc.o(.text) refers (Special) to hrguard.o(.text) for __heap_region$guard
    _get_argv_nomalloc.o(.text) refers to defsig_rtmem_outer.o(.text) for __rt_SIGRTMEM
    _get_argv_nomalloc.o(.text) refers to sys_command.o(.text) for _sys_command_string
    libshutdown.o(.ARM.Collect$$libshutdown$$00000000) refers (Special) to libshutdown2.o(.ARM.Collect$$libshutdown$$00000006) for __rt_lib_shutdown_fp_trap_1
    libshutdown.o(.ARM.Collect$$libshutdown$$00000000) refers (Special) to libshutdown2.o(.ARM.Collect$$libshutdown$$0000000E) for __rt_lib_shutdown_heap_1
    libshutdown.o(.ARM.Collect$$libshutdown$$00000000) refers (Special) to libshutdown2.o(.ARM.Collect$$libshutdown$$0000000F) for __rt_lib_shutdown_return
    libshutdown.o(.ARM.Collect$$libshutdown$$00000000) refers (Special) to libshutdown2.o(.ARM.Collect$$libshutdown$$00000009) for __rt_lib_shutdown_signal_1
    libshutdown.o(.ARM.Collect$$libshutdown$$00000000) refers (Special) to libshutdown2.o(.ARM.Collect$$libshutdown$$00000003) for __rt_lib_shutdown_stdio_1
    libshutdown.o(.ARM.Collect$$libshutdown$$00000000) refers (Special) to libshutdown2.o(.ARM.Collect$$libshutdown$$0000000B) for __rt_lib_shutdown_user_alloc_1
    sys_command.o(.text) refers (Special) to use_no_semi.o(.text) for __I$use$semihosting
    sys_command.o(.text) refers (Special) to indicate_semi.o(.text) for __semihosting_library_function
    defsig_rtmem_outer.o(.text) refers to defsig_rtmem_inner.o(.text) for __rt_SIGRTMEM_inner
    defsig_rtmem_outer.o(.text) refers to defsig_exit.o(.text) for __sig_exit
    defsig_rtmem_formal.o(.text) refers to rt_raise.o(.text) for __rt_raise
    rt_raise.o(.text) refers to __raise.o(.text) for __raise
    rt_raise.o(.text) refers to sys_exit.o(.text) for _sys_exit
    defsig_exit.o(.text) refers to sys_exit.o(.text) for _sys_exit
    defsig_rtmem_inner.o(.text) refers to defsig_general.o(.text) for __default_signal_display
    __raise.o(.text) refers to defsig.o(CL$$defsig) for __default_signal_handler
    defsig_general.o(.text) refers to sys_wrch.o(.text) for _ttywrch
    sys_wrch.o(.text) refers (Special) to use_no_semi.o(.text) for __I$use$semihosting
    sys_wrch.o(.text) refers (Special) to indicate_semi.o(.text) for __semihosting_library_function
    defsig.o(CL$$defsig) refers to defsig_rtmem_inner.o(.text) for __rt_SIGRTMEM_inner
    defsig_abrt_inner.o(.text) refers to defsig_general.o(.text) for __default_signal_display
    defsig_fpe_inner.o(.text) refers to defsig_general.o(.text) for __default_signal_display
    defsig_rtred_inner.o(.text) refers to defsig_general.o(.text) for __default_signal_display
    defsig_stak_inner.o(.text) refers to defsig_general.o(.text) for __default_signal_display
    defsig_pvfn_inner.o(.text) refers to defsig_general.o(.text) for __default_signal_display
    defsig_cppl_inner.o(.text) refers to defsig_general.o(.text) for __default_signal_display
    defsig_segv_inner.o(.text) refers to defsig_general.o(.text) for __default_signal_display
    defsig_other.o(.text) refers to defsig_general.o(.text) for __default_signal_display


==============================================================================

Removing Unused input sections from the image.

    Removing timer1.o(i.Timer1_Init), (96 bytes).
    Removing sound.o(i.Sound_Explosion), (20 bytes).
    Removing sound.o(i.Sound_Init), (28 bytes).
    Removing spaceinvaders.o(i.Delay100ms), (36 bytes).
    Removing st7735.o(i.Output_Clear), (10 bytes).
    Removing st7735.o(i.Output_Color), (12 bytes).
    Removing st7735.o(i.Output_Off), (8 bytes).
    Removing st7735.o(i.Output_On), (8 bytes).
    Removing st7735.o(i.ST7735_Color565), (24 bytes).
    Removing st7735.o(i.ST7735_DrawChar), (268 bytes).
    Removing st7735.o(i.ST7735_DrawFastHLine), (124 bytes).
    Removing st7735.o(i.ST7735_DrawFastVLine), (124 bytes).
    Removing st7735.o(i.ST7735_InitB), (40 bytes).
    Removing st7735.o(i.ST7735_InvertDisplay), (22 bytes).
    Removing st7735.o(i.ST7735_OutUDec), (140 bytes).
    Removing st7735.o(i.ST7735_PlotBar), (88 bytes).
    Removing st7735.o(i.ST7735_PlotClear), (92 bytes).
    Removing st7735.o(i.ST7735_PlotLine), (264 bytes).
    Removing st7735.o(i.ST7735_PlotNext), (32 bytes).
    Removing st7735.o(i.ST7735_PlotNextErase), (64 bytes).
    Removing st7735.o(i.ST7735_PlotPoint), (152 bytes).
    Removing st7735.o(i.ST7735_PlotPoints), (172 bytes).
    Removing st7735.o(i.ST7735_PlotdBfs), (60 bytes).
    Removing st7735.o(i.ST7735_SetRotation), (212 bytes).
    Removing st7735.o(i.ST7735_SetTextColor), (12 bytes).
    Removing st7735.o(i.ST7735_SwapColor), (18 bytes).
    Removing st7735.o(i.ferror), (8 bytes).
    Removing st7735.o(i.fgetc), (6 bytes).
    Removing st7735.o(i.fillmessage), (72 bytes).
    Removing st7735.o(i.fputc), (16 bytes).
    Removing st7735.o(.bss), (12 bytes).

31 unused section(s) (total 2240 bytes) removed from the image.

==============================================================================

Image Symbol Table

    Local Symbols

    Symbol Name                              Value     Ov Type        Size  Object(Section)

    RESET                                    0x00000000   Section      644  startup.o(RESET)
    ../clib/angel/boardlib.s                 0x00000000   Number         0  boardinit3.o ABSOLUTE
    ../clib/angel/boardlib.s                 0x00000000   Number         0  boardinit1.o ABSOLUTE
    ../clib/angel/boardlib.s                 0x00000000   Number         0  boardshut.o ABSOLUTE
    ../clib/angel/boardlib.s                 0x00000000   Number         0  boardinit2.o ABSOLUTE
    ../clib/angel/handlers.s                 0x00000000   Number         0  __scatter_copy.o ABSOLUTE
    ../clib/angel/handlers.s                 0x00000000   Number         0  __scatter_zi.o ABSOLUTE
    ../clib/angel/kernel.s                   0x00000000   Number         0  rtentry2.o ABSOLUTE
    ../clib/angel/kernel.s                   0x00000000   Number         0  rtentry4.o ABSOLUTE
    ../clib/angel/kernel.s                   0x00000000   Number         0  rtexit.o ABSOLUTE
    ../clib/angel/kernel.s                   0x00000000   Number         0  rtentry.o ABSOLUTE
    ../clib/angel/kernel.s                   0x00000000   Number         0  rtexit2.o ABSOLUTE
    ../clib/angel/rt.s                       0x00000000   Number         0  rt_raise.o ABSOLUTE
    ../clib/angel/scatter.s                  0x00000000   Number         0  __scatter.o ABSOLUTE
    ../clib/angel/startup.s                  0x00000000   Number         0  __main.o ABSOLUTE
    ../clib/angel/sys.s                      0x00000000   Number         0  indicate_semi.o ABSOLUTE
    ../clib/angel/sys.s                      0x00000000   Number         0  sys_stackheap_outer.o ABSOLUTE
    ../clib/angel/sys.s                      0x00000000   Number         0  use_no_semi.o ABSOLUTE
    ../clib/angel/sys.s                      0x00000000   Number         0  libspace.o ABSOLUTE
    ../clib/angel/sysapp.c                   0x00000000   Number         0  sys_command.o ABSOLUTE
    ../clib/angel/sysapp.c                   0x00000000   Number         0  sys_wrch.o ABSOLUTE
    ../clib/angel/sysapp.c                   0x00000000   Number         0  sys_exit.o ABSOLUTE
    ../clib/armsys.c                         0x00000000   Number         0  argv_veneer.o ABSOLUTE
    ../clib/armsys.c                         0x00000000   Number         0  no_argv.o ABSOLUTE
    ../clib/armsys.c                         0x00000000   Number         0  argv_veneer.o ABSOLUTE
    ../clib/armsys.c                         0x00000000   Number         0  _get_argv_nomalloc.o ABSOLUTE
    ../clib/heapalloc.c                      0x00000000   Number         0  hrguard.o ABSOLUTE
    ../clib/heapaux.c                        0x00000000   Number         0  heapauxi.o ABSOLUTE
    ../clib/libinit.s                        0x00000000   Number         0  libinit2.o ABSOLUTE
    ../clib/libinit.s                        0x00000000   Number         0  libshutdown2.o ABSOLUTE
    ../clib/libinit.s                        0x00000000   Number         0  libinit.o ABSOLUTE
    ../clib/libinit.s                        0x00000000   Number         0  libshutdown.o ABSOLUTE
    ../clib/signal.c                         0x00000000   Number         0  defsig_rtmem_formal.o ABSOLUTE
    ../clib/signal.c                         0x00000000   Number         0  defsig_general.o ABSOLUTE
    ../clib/signal.c                         0x00000000   Number         0  __raise.o ABSOLUTE
    ../clib/signal.c                         0x00000000   Number         0  defsig_rtmem_inner.o ABSOLUTE
    ../clib/signal.c                         0x00000000   Number         0  defsig_rtmem_outer.o ABSOLUTE
    ../clib/signal.c                         0x00000000   Number         0  defsig_exit.o ABSOLUTE
    ../clib/signal.c                         0x00000000   Number         0  defsig_other.o ABSOLUTE
    ../clib/signal.c                         0x00000000   Number         0  defsig_rtred_inner.o ABSOLUTE
    ../clib/signal.c                         0x00000000   Number         0  defsig_stak_inner.o ABSOLUTE
    ../clib/signal.c                         0x00000000   Number         0  defsig_abrt_inner.o ABSOLUTE
    ../clib/signal.c                         0x00000000   Number         0  defsig_fpe_inner.o ABSOLUTE
    ../clib/signal.c                         0x00000000   Number         0  defsig_pvfn_inner.o ABSOLUTE
    ../clib/signal.c                         0x00000000   Number         0  defsig_cppl_inner.o ABSOLUTE
    ../clib/signal.c                         0x00000000   Number         0  defsig_segv_inner.o ABSOLUTE
    ../clib/signal.s                         0x00000000   Number         0  defsig.o ABSOLUTE
    ../clib/stdlib.c                         0x00000000   Number         0  exit.o ABSOLUTE
    ../fplib/fpinit.s                        0x00000000   Number         0  fpinit.o ABSOLUTE
    ADC.c                                    0x00000000   Number         0  adc.o ABSOLUTE
    DAC.c                                    0x00000000   Number         0  dac.o ABSOLUTE
    GameEngine.c                             0x00000000   Number         0  gameengine.o ABSOLUTE
    LCD.s                                    0x00000000   Number         0  lcd.o ABSOLUTE
    Print.s                                  0x00000000   Number         0  print.o ABSOLUTE
    ST7735.c                                 0x00000000   Number         0  st7735.o ABSOLUTE
    Sound.c                                  0x00000000   Number         0  sound.o ABSOLUTE
    SpaceInvaders.c                          0x00000000   Number         0  spaceinvaders.o ABSOLUTE
    Switches.c                               0x00000000   Number         0  switches.o ABSOLUTE
    TExaS.c                                  0x00000000   Number         0  texas.o ABSOLUTE
    Timer0.c                                 0x00000000   Number         0  timer0.o ABSOLUTE
    Timer1.c                                 0x00000000   Number         0  timer1.o ABSOLUTE
    dc.s                                     0x00000000   Number         0  dc.o ABSOLUTE
    random.s                                 0x00000000   Number         0  random.o ABSOLUTE
    startup.s                                0x00000000   Number         0  startup.o ABSOLUTE
    !!!main                                  0x00000284   Section        8  __main.o(!!!main)
    !!!scatter                               0x0000028c   Section       52  __scatter.o(!!!scatter)
    !!handler_copy                           0x000002c0   Section       26  __scatter_copy.o(!!handler_copy)
    !!handler_zi                             0x000002dc   Section       28  __scatter_zi.o(!!handler_zi)
    .ARM.Collect$$libinit$$00000000          0x000002f8   Section        2  libinit.o(.ARM.Collect$$libinit$$00000000)
    .ARM.Collect$$libinit$$00000002          0x000002fa   Section        0  libinit2.o(.ARM.Collect$$libinit$$00000002)
    .ARM.Collect$$libinit$$00000008          0x000002fa   Section        0  libinit2.o(.ARM.Collect$$libinit$$00000008)
    .ARM.Collect$$libinit$$0000000A          0x000002fa   Section        0  libinit2.o(.ARM.Collect$$libinit$$0000000A)
    .ARM.Collect$$libinit$$0000000C          0x000002fa   Section        0  libinit2.o(.ARM.Collect$$libinit$$0000000C)
    .ARM.Collect$$libinit$$0000000F          0x000002fa   Section        0  libinit2.o(.ARM.Collect$$libinit$$0000000F)
    .ARM.Collect$$libinit$$00000011          0x000002fa   Section        0  libinit2.o(.ARM.Collect$$libinit$$00000011)
    .ARM.Collect$$libinit$$00000013          0x000002fa   Section        0  libinit2.o(.ARM.Collect$$libinit$$00000013)
    .ARM.Collect$$libinit$$00000015          0x000002fa   Section        0  libinit2.o(.ARM.Collect$$libinit$$00000015)
    .ARM.Collect$$libinit$$00000017          0x000002fa   Section        0  libinit2.o(.ARM.Collect$$libinit$$00000017)
    .ARM.Collect$$libinit$$00000019          0x000002fa   Section        0  libinit2.o(.ARM.Collect$$libinit$$00000019)
    .ARM.Collect$$libinit$$0000001B          0x000002fa   Section        0  libinit2.o(.ARM.Collect$$libinit$$0000001B)
    .ARM.Collect$$libinit$$0000001D          0x000002fa   Section        0  libinit2.o(.ARM.Collect$$libinit$$0000001D)
    .ARM.Collect$$libinit$$0000001F          0x000002fa   Section        0  libinit2.o(.ARM.Collect$$libinit$$0000001F)
    .ARM.Collect$$libinit$$00000021          0x000002fa   Section        0  libinit2.o(.ARM.Collect$$libinit$$00000021)
    .ARM.Collect$$libinit$$00000023          0x000002fa   Section        0  libinit2.o(.ARM.Collect$$libinit$$00000023)
    .ARM.Collect$$libinit$$0000002A          0x000002fa   Section        0  libinit2.o(.ARM.Collect$$libinit$$0000002A)
    .ARM.Collect$$libinit$$0000002C          0x000002fa   Section        0  libinit2.o(.ARM.Collect$$libinit$$0000002C)
    .ARM.Collect$$libinit$$0000002E          0x000002fa   Section        0  libinit2.o(.ARM.Collect$$libinit$$0000002E)
    .ARM.Collect$$libinit$$00000030          0x000002fa   Section        0  libinit2.o(.ARM.Collect$$libinit$$00000030)
    .ARM.Collect$$libinit$$00000031          0x000002fa   Section        2  libinit2.o(.ARM.Collect$$libinit$$00000031)
    .ARM.Collect$$libshutdown$$00000000      0x000002fc   Section        2  libshutdown.o(.ARM.Collect$$libshutdown$$00000000)
    .ARM.Collect$$libshutdown$$00000003      0x000002fe   Section        0  libshutdown2.o(.ARM.Collect$$libshutdown$$00000003)
    .ARM.Collect$$libshutdown$$00000006      0x000002fe   Section        0  libshutdown2.o(.ARM.Collect$$libshutdown$$00000006)
    .ARM.Collect$$libshutdown$$00000009      0x000002fe   Section        0  libshutdown2.o(.ARM.Collect$$libshutdown$$00000009)
    .ARM.Collect$$libshutdown$$0000000B      0x000002fe   Section        0  libshutdown2.o(.ARM.Collect$$libshutdown$$0000000B)
    .ARM.Collect$$libshutdown$$0000000E      0x000002fe   Section        0  libshutdown2.o(.ARM.Collect$$libshutdown$$0000000E)
    .ARM.Collect$$libshutdown$$0000000F      0x000002fe   Section        2  libshutdown2.o(.ARM.Collect$$libshutdown$$0000000F)
    .ARM.Collect$$rtentry$$00000000          0x00000300   Section        0  rtentry.o(.ARM.Collect$$rtentry$$00000000)
    .ARM.Collect$$rtentry$$00000002          0x00000300   Section        0  rtentry2.o(.ARM.Collect$$rtentry$$00000002)
    .ARM.Collect$$rtentry$$00000004          0x00000300   Section        6  rtentry4.o(.ARM.Collect$$rtentry$$00000004)
    .ARM.Collect$$rtentry$$00000009          0x00000306   Section        0  rtentry2.o(.ARM.Collect$$rtentry$$00000009)
    .ARM.Collect$$rtentry$$0000000A          0x00000306   Section        4  rtentry2.o(.ARM.Collect$$rtentry$$0000000A)
    .ARM.Collect$$rtentry$$0000000C          0x0000030a   Section        0  rtentry2.o(.ARM.Collect$$rtentry$$0000000C)
    .ARM.Collect$$rtentry$$0000000D          0x0000030a   Section        8  rtentry2.o(.ARM.Collect$$rtentry$$0000000D)
    .ARM.Collect$$rtexit$$00000000           0x00000312   Section        2  rtexit.o(.ARM.Collect$$rtexit$$00000000)
    .ARM.Collect$$rtexit$$00000002           0x00000314   Section        0  rtexit2.o(.ARM.Collect$$rtexit$$00000002)
    .ARM.Collect$$rtexit$$00000003           0x00000314   Section        4  rtexit2.o(.ARM.Collect$$rtexit$$00000003)
    .ARM.Collect$$rtexit$$00000004           0x00000318   Section        6  rtexit2.o(.ARM.Collect$$rtexit$$00000004)
    .text                                    0x00000320   Section       48  startup.o(.text)
    .text                                    0x00000350   Section       64  random.o(.text)
    .text                                    0x00000390   Section      104  lcd.o(.text)
    .text                                    0x000003f8   Section      280  print.o(.text)
    .text                                    0x00000510   Section        0  texas.o(.text)
    .text                                    0x000009b0   Section        0  heapauxi.o(.text)
    .text                                    0x000009b6   Section       74  sys_stackheap_outer.o(.text)
    .text                                    0x00000a00   Section        0  exit.o(.text)
    .text                                    0x00000a0c   Section        8  libspace.o(.text)
    .text                                    0x00000a14   Section        0  sys_exit.o(.text)
    .text                                    0x00000a20   Section        2  use_no_semi.o(.text)
    .text                                    0x00000a22   Section        0  indicate_semi.o(.text)
    i.ADC_In                                 0x00000a24   Section        0  adc.o(i.ADC_In)
    i.ADC_Init                               0x00000a50   Section        0  adc.o(i.ADC_Init)
    i.Check_Coll                             0x00000b40   Section        0  gameengine.o(i.Check_Coll)
    i.Check_GameOver                         0x00000b50   Section        0  gameengine.o(i.Check_GameOver)
    i.Convert                                0x00000b98   Section        0  gameengine.o(i.Convert)
    i.DAC_Init                               0x00000ba8   Section        0  dac.o(i.DAC_Init)
    i.DAC_Out                                0x00000c30   Section        0  dac.o(i.DAC_Out)
    i.Delay1ms                               0x00000c3c   Section        0  st7735.o(i.Delay1ms)
    i.DrawEnemMiss                           0x00000c5c   Section        0  gameengine.o(i.DrawEnemMiss)
    i.DrawEnemies                            0x00000ca4   Section        0  gameengine.o(i.DrawEnemies)
    i.DrawPlayer                             0x00000d2c   Section        0  gameengine.o(i.DrawPlayer)
    i.DrawRegMiss                            0x00000d78   Section        0  gameengine.o(i.DrawRegMiss)
    i.DrawSpecMiss                           0x00000dc0   Section        0  gameengine.o(i.DrawSpecMiss)
    i.Draw_Game                              0x00000e08   Section        0  gameengine.o(i.Draw_Game)
    i.EnemMiss_Collision                     0x00000e20   Section        0  gameengine.o(i.EnemMiss_Collision)
    i.EnemMiss_Fire                          0x00000e94   Section        0  gameengine.o(i.EnemMiss_Fire)
    i.EnemMiss_Move                          0x00000f14   Section        0  gameengine.o(i.EnemMiss_Move)
    i.Enemy_Move                             0x00000f6c   Section        0  gameengine.o(i.Enemy_Move)
    i.Game_Init                              0x00000fb0   Section        0  gameengine.o(i.Game_Init)
    i.Game_Over                              0x00001170   Section        0  gameengine.o(i.Game_Over)
    i.HeartBeat_Init                         0x000011e4   Section        0  switches.o(i.HeartBeat_Init)
    i.MoveThings                             0x00001254   Section        0  gameengine.o(i.MoveThings)
    i.Output_Init                            0x0000126c   Section        0  st7735.o(i.Output_Init)
    i.Player_Move                            0x0000127c   Section        0  gameengine.o(i.Player_Move)
    i.RandomGen                              0x0000129c   Section        0  gameengine.o(i.RandomGen)
    i.RegMiss_Collision                      0x000012b0   Section        0  gameengine.o(i.RegMiss_Collision)
    i.RegMiss_Fire                           0x0000138c   Section        0  gameengine.o(i.RegMiss_Fire)
    i.RegMiss_Move                           0x000013ec   Section        0  gameengine.o(i.RegMiss_Move)
    i.ST7735_DrawBitmap                      0x00001440   Section        0  st7735.o(i.ST7735_DrawBitmap)
    i.ST7735_DrawCharS                       0x00001560   Section        0  st7735.o(i.ST7735_DrawCharS)
    i.ST7735_DrawPixel                       0x00001654   Section        0  st7735.o(i.ST7735_DrawPixel)
    i.ST7735_DrawString                      0x0000169c   Section        0  st7735.o(i.ST7735_DrawString)
    i.ST7735_FillRect                        0x000016f4   Section        0  st7735.o(i.ST7735_FillRect)
    i.ST7735_FillScreen                      0x000017a0   Section        0  st7735.o(i.ST7735_FillScreen)
    i.ST7735_InitR                           0x000017c4   Section        0  st7735.o(i.ST7735_InitR)
    i.ST7735_OutChar                         0x00001840   Section        0  st7735.o(i.ST7735_OutChar)
    i.ST7735_OutString                       0x00001914   Section        0  st7735.o(i.ST7735_OutString)
    i.ST7735_SetCursor                       0x0000192c   Section        0  st7735.o(i.ST7735_SetCursor)
    i.SoundOut                               0x0000194c   Section        0  sound.o(i.SoundOut)
    i.Sound_InvaderShoot                     0x00001968   Section        0  sound.o(i.Sound_InvaderShoot)
    i.Sound_Killed                           0x0000197c   Section        0  sound.o(i.Sound_Killed)
    i.Sound_Play                             0x00001990   Section        0  sound.o(i.Sound_Play)
    i.Sound_Shoot                            0x000019d4   Section        0  sound.o(i.Sound_Shoot)
    i.SpecMiss_Collision                     0x000019e8   Section        0  gameengine.o(i.SpecMiss_Collision)
    i.SpecMiss_Fire                          0x00001ab8   Section        0  gameengine.o(i.SpecMiss_Fire)
    i.SpecMiss_Move                          0x00001b18   Section        0  gameengine.o(i.SpecMiss_Move)
    i.Spec_Fire                              0x00001b6c   Section        0  switches.o(i.Spec_Fire)
    i.Switch_Fire                            0x00001b9c   Section        0  switches.o(i.Switch_Fire)
    i.Timer0A_Handler                        0x00001bcc   Section        0  timer0.o(i.Timer0A_Handler)
    i.Timer0_Init                            0x00001be8   Section        0  timer0.o(i.Timer0_Init)
    i.Timer1A_Handler                        0x00001c48   Section        0  timer1.o(i.Timer1A_Handler)
    i.Timer2A_Handler                        0x00001c60   Section        0  spaceinvaders.o(i.Timer2A_Handler)
    i.Timer2_Init                            0x00001cac   Section        0  spaceinvaders.o(i.Timer2_Init)
    i.Timer3A_Handler                        0x00001d14   Section        0  sound.o(i.Timer3A_Handler)
    i.Timer3_Init                            0x00001d2c   Section        0  sound.o(i.Timer3_Init)
    i.commandList                            0x00001d8c   Section        0  st7735.o(i.commandList)
    commandList                              0x00001d8d   Thumb Code    86  st7735.o(i.commandList)
    i.commonInit                             0x00001de4   Section        0  st7735.o(i.commonInit)
    commonInit                               0x00001de5   Thumb Code   340  st7735.o(i.commonInit)
    i.main                                   0x00001f68   Section        0  spaceinvaders.o(i.main)
    i.pushColor                              0x00001fec   Section        0  st7735.o(i.pushColor)
    pushColor                                0x00001fed   Thumb Code    18  st7735.o(i.pushColor)
    i.setAddrWindow                          0x00002000   Section        0  st7735.o(i.setAddrWindow)
    setAddrWindow                            0x00002001   Thumb Code   106  st7735.o(i.setAddrWindow)
    .constdata                               0x00002074   Section    10439  sound.o(.constdata)
    .constdata                               0x0000493b   Section     2018  st7735.o(.constdata)
    Font                                     0x0000493b   Data        1275  st7735.o(.constdata)
    Bcmd                                     0x00004e36   Data         103  st7735.o(.constdata)
    Rcmd1                                    0x00004e9d   Data          59  st7735.o(.constdata)
    Rcmd2green                               0x00004ed8   Data          13  st7735.o(.constdata)
    Rcmd2red                                 0x00004ee5   Data          13  st7735.o(.constdata)
    Rcmd3                                    0x00004ef2   Data          43  st7735.o(.constdata)
    .constdata                               0x0000511e   Section     5222  gameengine.o(.constdata)
    .constdata                               0x00006584   Section      240  texas.o(.constdata)
    .data                                    0x20000000   Section        4  timer0.o(.data)
    .data                                    0x20000004   Section        4  timer1.o(.data)
    .data                                    0x20000008   Section       16  sound.o(.data)
    .data                                    0x20000018   Section        8  spaceinvaders.o(.data)
    .data                                    0x20000020   Section       44  st7735.o(.data)
    _width                                   0x2000002a   Data           2  st7735.o(.data)
    _height                                  0x2000002c   Data           2  st7735.o(.data)
    ColStart                                 0x20000034   Data           1  st7735.o(.data)
    RowStart                                 0x20000035   Data           1  st7735.o(.data)
    Rotation                                 0x20000036   Data           1  st7735.o(.data)
    TabColor                                 0x20000037   Data           1  st7735.o(.data)
    .data                                    0x2000004c   Section       12  gameengine.o(.data)
    .data                                    0x20000058   Section        8  switches.o(.data)
    .data                                    0x20000060   Section       48  texas.o(.data)
    DATA                                     0x20000090   Section        4  random.o(DATA)
    M                                        0x20000090   Data           4  random.o(DATA)
    .bss                                     0x20000094   Section     3380  gameengine.o(.bss)
    .bss                                     0x20000dc8   Section       56  texas.o(.bss)
    .bss                                     0x20000e00   Section       96  libspace.o(.bss)
    HEAP                                     0x20000e60   Section        0  startup.o(HEAP)
    STACK                                    0x20000e60   Section     1024  startup.o(STACK)
    HeapMem                                  0x20000e60   Data           0  startup.o(HEAP)
    StackMem                                 0x20000e60   Data           0  startup.o(STACK)

    Global Symbols

    Symbol Name                              Value     Ov Type        Size  Object(Section)

    BuildAttributes$$THM_ISAv4$E$P$D$K$B$S$7EM$PE$A:L22UL41UL21$X:L11$S22US41US21$IEEE1$IW$USESV6$~STKCKD$USESV7$~SHL$OSPACE$ROPI$EBA8$UX$STANDARDLIB$REQ8$EABIv2 0x00000000   Number         0  anon$$obj.o ABSOLUTE
    __ARM_use_no_argv                        0x00000000   Number         0  spaceinvaders.o ABSOLUTE
    __Vectors                                0x00000000   Data           0  startup.o(RESET)
    __ARM_exceptions_init                     - Undefined Weak Reference
    __alloca_initialize                       - Undefined Weak Reference
    __cpp_initialize__aeabi_                  - Undefined Weak Reference
    __cxa_finalize                            - Undefined Weak Reference
    __rt_locale                               - Undefined Weak Reference
    __sigvec_lookup                           - Undefined Weak Reference
    _atexit_init                              - Undefined Weak Reference
    _call_atexit_fns                          - Undefined Weak Reference
    _clock_init                               - Undefined Weak Reference
    _fp_trap_init                             - Undefined Weak Reference
    _fp_trap_shutdown                         - Undefined Weak Reference
    _get_lc_collate                           - Undefined Weak Reference
    _get_lc_ctype                             - Undefined Weak Reference
    _get_lc_monetary                          - Undefined Weak Reference
    _get_lc_numeric                           - Undefined Weak Reference
    _get_lc_time                              - Undefined Weak Reference
    _getenv_init                              - Undefined Weak Reference
    _handle_redirection                       - Undefined Weak Reference
    _init_alloc                               - Undefined Weak Reference
    _init_user_alloc                          - Undefined Weak Reference
    _initio                                   - Undefined Weak Reference
    _rand_init                                - Undefined Weak Reference
    _signal_finish                            - Undefined Weak Reference
    _signal_init                              - Undefined Weak Reference
    _terminate_alloc                          - Undefined Weak Reference
    _terminate_user_alloc                     - Undefined Weak Reference
    _terminateio                              - Undefined Weak Reference
    Reset_Handler                            0x0000026d   Thumb Code     0  startup.o(RESET)
    NMI_Handler                              0x00000271   Thumb Code     2  startup.o(RESET)
    HardFault_Handler                        0x00000273   Thumb Code     2  startup.o(RESET)
    MemManage_Handler                        0x00000275   Thumb Code     2  startup.o(RESET)
    BusFault_Handler                         0x00000277   Thumb Code     2  startup.o(RESET)
    UsageFault_Handler                       0x00000279   Thumb Code     2  startup.o(RESET)
    SVC_Handler                              0x0000027b   Thumb Code     2  startup.o(RESET)
    DebugMon_Handler                         0x0000027d   Thumb Code     2  startup.o(RESET)
    PendSV_Handler                           0x0000027f   Thumb Code     2  startup.o(RESET)
    SysTick_Handler                          0x00000281   Thumb Code     2  startup.o(RESET)
    ADC0Seq0_Handler                         0x00000283   Thumb Code     0  startup.o(RESET)
    ADC0Seq1_Handler                         0x00000283   Thumb Code     0  startup.o(RESET)
    ADC0Seq2_Handler                         0x00000283   Thumb Code     0  startup.o(RESET)
    ADC0Seq3_Handler                         0x00000283   Thumb Code     0  startup.o(RESET)
    ADC1Seq0_Handler                         0x00000283   Thumb Code     0  startup.o(RESET)
    ADC1Seq1_Handler                         0x00000283   Thumb Code     0  startup.o(RESET)
    ADC1Seq2_Handler                         0x00000283   Thumb Code     0  startup.o(RESET)
    ADC1Seq3_Handler                         0x00000283   Thumb Code     0  startup.o(RESET)
    CAN0_Handler                             0x00000283   Thumb Code     0  startup.o(RESET)
    CAN1_Handler                             0x00000283   Thumb Code     0  startup.o(RESET)
    CAN2_Handler                             0x00000283   Thumb Code     0  startup.o(RESET)
    Comp0_Handler                            0x00000283   Thumb Code     0  startup.o(RESET)
    Comp1_Handler                            0x00000283   Thumb Code     0  startup.o(RESET)
    Comp2_Handler                            0x00000283   Thumb Code     0  startup.o(RESET)
    Ethernet_Handler                         0x00000283   Thumb Code     0  startup.o(RESET)
    ExtBus_Handler                           0x00000283   Thumb Code     0  startup.o(RESET)
    FPU_Handler                              0x00000283   Thumb Code     0  startup.o(RESET)
    Fan0_Handler                             0x00000283   Thumb Code     0  startup.o(RESET)
    FlashCtl_Handler                         0x00000283   Thumb Code     0  startup.o(RESET)
    GPIOPortA_Handler                        0x00000283   Thumb Code     0  startup.o(RESET)
    GPIOPortB_Handler                        0x00000283   Thumb Code     0  startup.o(RESET)
    GPIOPortC_Handler                        0x00000283   Thumb Code     0  startup.o(RESET)
    GPIOPortD_Handler                        0x00000283   Thumb Code     0  startup.o(RESET)
    GPIOPortE_Handler                        0x00000283   Thumb Code     0  startup.o(RESET)
    GPIOPortF_Handler                        0x00000283   Thumb Code     0  startup.o(RESET)
    GPIOPortG_Handler                        0x00000283   Thumb Code     0  startup.o(RESET)
    GPIOPortH_Handler                        0x00000283   Thumb Code     0  startup.o(RESET)
    GPIOPortJ_Handler                        0x00000283   Thumb Code     0  startup.o(RESET)
    GPIOPortK_Handler                        0x00000283   Thumb Code     0  startup.o(RESET)
    GPIOPortL_Handler                        0x00000283   Thumb Code     0  startup.o(RESET)
    GPIOPortM_Handler                        0x00000283   Thumb Code     0  startup.o(RESET)
    GPIOPortN_Handler                        0x00000283   Thumb Code     0  startup.o(RESET)
    GPIOPortP1_Handler                       0x00000283   Thumb Code     0  startup.o(RESET)
    GPIOPortP2_Handler                       0x00000283   Thumb Code     0  startup.o(RESET)
    GPIOPortP3_Handler                       0x00000283   Thumb Code     0  startup.o(RESET)
    GPIOPortP4_Handler                       0x00000283   Thumb Code     0  startup.o(RESET)
    GPIOPortP5_Handler                       0x00000283   Thumb Code     0  startup.o(RESET)
    GPIOPortP6_Handler                       0x00000283   Thumb Code     0  startup.o(RESET)
    GPIOPortP7_Handler                       0x00000283   Thumb Code     0  startup.o(RESET)
    GPIOPortP_Handler                        0x00000283   Thumb Code     0  startup.o(RESET)
    GPIOPortQ1_Handler                       0x00000283   Thumb Code     0  startup.o(RESET)
    GPIOPortQ2_Handler                       0x00000283   Thumb Code     0  startup.o(RESET)
    GPIOPortQ3_Handler                       0x00000283   Thumb Code     0  startup.o(RESET)
    GPIOPortQ4_Handler                       0x00000283   Thumb Code     0  startup.o(RESET)
    GPIOPortQ5_Handler                       0x00000283   Thumb Code     0  startup.o(RESET)
    GPIOPortQ6_Handler                       0x00000283   Thumb Code     0  startup.o(RESET)
    GPIOPortQ7_Handler                       0x00000283   Thumb Code     0  startup.o(RESET)
    GPIOPortQ_Handler                        0x00000283   Thumb Code     0  startup.o(RESET)
    GPIOPortR_Handler                        0x00000283   Thumb Code     0  startup.o(RESET)
    GPIOPortS_Handler                        0x00000283   Thumb Code     0  startup.o(RESET)
    Hibernate_Handler                        0x00000283   Thumb Code     0  startup.o(RESET)
    I2C0_Handler                             0x00000283   Thumb Code     0  startup.o(RESET)
    I2C1_Handler                             0x00000283   Thumb Code     0  startup.o(RESET)
    I2C2_Handler                             0x00000283   Thumb Code     0  startup.o(RESET)
    I2C3_Handler                             0x00000283   Thumb Code     0  startup.o(RESET)
    I2C4_Handler                             0x00000283   Thumb Code     0  startup.o(RESET)
    I2C5_Handler                             0x00000283   Thumb Code     0  startup.o(RESET)
    I2S0_Handler                             0x00000283   Thumb Code     0  startup.o(RESET)
    LPC0_Handler                             0x00000283   Thumb Code     0  startup.o(RESET)
    PECI0_Handler                            0x00000283   Thumb Code     0  startup.o(RESET)
    PWM0Fault_Handler                        0x00000283   Thumb Code     0  startup.o(RESET)
    PWM0Generator0_Handler                   0x00000283   Thumb Code     0  startup.o(RESET)
    PWM0Generator1_Handler                   0x00000283   Thumb Code     0  startup.o(RESET)
    PWM0Generator2_Handler                   0x00000283   Thumb Code     0  startup.o(RESET)
    PWM0Generator3_Handler                   0x00000283   Thumb Code     0  startup.o(RESET)
    PWM1Fault_Handler                        0x00000283   Thumb Code     0  startup.o(RESET)
    PWM1Generator0_Handler                   0x00000283   Thumb Code     0  startup.o(RESET)
    PWM1Generator1_Handler                   0x00000283   Thumb Code     0  startup.o(RESET)
    PWM1Generator2_Handler                   0x00000283   Thumb Code     0  startup.o(RESET)
    PWM1Generator3_Handler                   0x00000283   Thumb Code     0  startup.o(RESET)
    Quadrature0_Handler                      0x00000283   Thumb Code     0  startup.o(RESET)
    Quadrature1_Handler                      0x00000283   Thumb Code     0  startup.o(RESET)
    Quadrature2_Handler                      0x00000283   Thumb Code     0  startup.o(RESET)
    SSI0_Handler                             0x00000283   Thumb Code     0  startup.o(RESET)
    SSI1_Handler                             0x00000283   Thumb Code     0  startup.o(RESET)
    SSI2_Handler                             0x00000283   Thumb Code     0  startup.o(RESET)
    SSI3_Handler                             0x00000283   Thumb Code     0  startup.o(RESET)
    SysCtl_Handler                           0x00000283   Thumb Code     0  startup.o(RESET)
    Timer0B_Handler                          0x00000283   Thumb Code     0  startup.o(RESET)
    Timer1B_Handler                          0x00000283   Thumb Code     0  startup.o(RESET)
    Timer2B_Handler                          0x00000283   Thumb Code     0  startup.o(RESET)
    Timer3B_Handler                          0x00000283   Thumb Code     0  startup.o(RESET)
    Timer4B_Handler                          0x00000283   Thumb Code     0  startup.o(RESET)
    Timer5B_Handler                          0x00000283   Thumb Code     0  startup.o(RESET)
    UART0_Handler                            0x00000283   Thumb Code     0  startup.o(RESET)
    UART1_Handler                            0x00000283   Thumb Code     0  startup.o(RESET)
    UART2_Handler                            0x00000283   Thumb Code     0  startup.o(RESET)
    UART3_Handler                            0x00000283   Thumb Code     0  startup.o(RESET)
    UART4_Handler                            0x00000283   Thumb Code     0  startup.o(RESET)
    UART5_Handler                            0x00000283   Thumb Code     0  startup.o(RESET)
    UART6_Handler                            0x00000283   Thumb Code     0  startup.o(RESET)
    UART7_Handler                            0x00000283   Thumb Code     0  startup.o(RESET)
    USB0_Handler                             0x00000283   Thumb Code     0  startup.o(RESET)
    WDT_Handler                              0x00000283   Thumb Code     0  startup.o(RESET)
    WideTimer0A_Handler                      0x00000283   Thumb Code     0  startup.o(RESET)
    WideTimer0B_Handler                      0x00000283   Thumb Code     0  startup.o(RESET)
    WideTimer1A_Handler                      0x00000283   Thumb Code     0  startup.o(RESET)
    WideTimer1B_Handler                      0x00000283   Thumb Code     0  startup.o(RESET)
    WideTimer2A_Handler                      0x00000283   Thumb Code     0  startup.o(RESET)
    WideTimer2B_Handler                      0x00000283   Thumb Code     0  startup.o(RESET)
    WideTimer3A_Handler                      0x00000283   Thumb Code     0  startup.o(RESET)
    WideTimer3B_Handler                      0x00000283   Thumb Code     0  startup.o(RESET)
    WideTimer4A_Handler                      0x00000283   Thumb Code     0  startup.o(RESET)
    WideTimer4B_Handler                      0x00000283   Thumb Code     0  startup.o(RESET)
    WideTimer5A_Handler                      0x00000283   Thumb Code     0  startup.o(RESET)
    WideTimer5B_Handler                      0x00000283   Thumb Code     0  startup.o(RESET)
    uDMA_Error                               0x00000283   Thumb Code     0  startup.o(RESET)
    uDMA_Handler                             0x00000283   Thumb Code     0  startup.o(RESET)
    __main                                   0x00000285   Thumb Code     8  __main.o(!!!main)
    __scatterload                            0x0000028d   Thumb Code     0  __scatter.o(!!!scatter)
    __scatterload_rt2                        0x0000028d   Thumb Code    44  __scatter.o(!!!scatter)
    __scatterload_rt2_thumb_only             0x0000028d   Thumb Code     0  __scatter.o(!!!scatter)
    __scatterload_null                       0x0000029b   Thumb Code     0  __scatter.o(!!!scatter)
    __scatterload_copy                       0x000002c1   Thumb Code    26  __scatter_copy.o(!!handler_copy)
    __scatterload_zeroinit                   0x000002dd   Thumb Code    28  __scatter_zi.o(!!handler_zi)
    __rt_lib_init                            0x000002f9   Thumb Code     0  libinit.o(.ARM.Collect$$libinit$$00000000)
    __rt_lib_init_alloca_1                   0x000002fb   Thumb Code     0  libinit2.o(.ARM.Collect$$libinit$$0000002C)
    __rt_lib_init_argv_1                     0x000002fb   Thumb Code     0  libinit2.o(.ARM.Collect$$libinit$$0000002A)
    __rt_lib_init_atexit_1                   0x000002fb   Thumb Code     0  libinit2.o(.ARM.Collect$$libinit$$00000019)
    __rt_lib_init_clock_1                    0x000002fb   Thumb Code     0  libinit2.o(.ARM.Collect$$libinit$$0000001F)
    __rt_lib_init_cpp_1                      0x000002fb   Thumb Code     0  libinit2.o(.ARM.Collect$$libinit$$00000030)
    __rt_lib_init_exceptions_1               0x000002fb   Thumb Code     0  libinit2.o(.ARM.Collect$$libinit$$0000002E)
    __rt_lib_init_fp_1                       0x000002fb   Thumb Code     0  libinit2.o(.ARM.Collect$$libinit$$00000002)
    __rt_lib_init_fp_trap_1                  0x000002fb   Thumb Code     0  libinit2.o(.ARM.Collect$$libinit$$0000001D)
    __rt_lib_init_getenv_1                   0x000002fb   Thumb Code     0  libinit2.o(.ARM.Collect$$libinit$$00000021)
    __rt_lib_init_heap_1                     0x000002fb   Thumb Code     0  libinit2.o(.ARM.Collect$$libinit$$00000008)
    __rt_lib_init_lc_collate_1               0x000002fb   Thumb Code     0  libinit2.o(.ARM.Collect$$libinit$$0000000F)
    __rt_lib_init_lc_ctype_1                 0x000002fb   Thumb Code     0  libinit2.o(.ARM.Collect$$libinit$$00000011)
    __rt_lib_init_lc_monetary_1              0x000002fb   Thumb Code     0  libinit2.o(.ARM.Collect$$libinit$$00000013)
    __rt_lib_init_lc_numeric_1               0x000002fb   Thumb Code     0  libinit2.o(.ARM.Collect$$libinit$$00000015)
    __rt_lib_init_lc_time_1                  0x000002fb   Thumb Code     0  libinit2.o(.ARM.Collect$$libinit$$00000017)
    __rt_lib_init_rand_1                     0x000002fb   Thumb Code     0  libinit2.o(.ARM.Collect$$libinit$$0000000C)
    __rt_lib_init_return                     0x000002fb   Thumb Code     0  libinit2.o(.ARM.Collect$$libinit$$00000031)
    __rt_lib_init_signal_1                   0x000002fb   Thumb Code     0  libinit2.o(.ARM.Collect$$libinit$$0000001B)
    __rt_lib_init_stdio_1                    0x000002fb   Thumb Code     0  libinit2.o(.ARM.Collect$$libinit$$00000023)
    __rt_lib_init_user_alloc_1               0x000002fb   Thumb Code     0  libinit2.o(.ARM.Collect$$libinit$$0000000A)
    __rt_lib_shutdown                        0x000002fd   Thumb Code     0  libshutdown.o(.ARM.Collect$$libshutdown$$00000000)
    __rt_lib_shutdown_fp_trap_1              0x000002ff   Thumb Code     0  libshutdown2.o(.ARM.Collect$$libshutdown$$00000006)
    __rt_lib_shutdown_heap_1                 0x000002ff   Thumb Code     0  libshutdown2.o(.ARM.Collect$$libshutdown$$0000000E)
    __rt_lib_shutdown_return                 0x000002ff   Thumb Code     0  libshutdown2.o(.ARM.Collect$$libshutdown$$0000000F)
    __rt_lib_shutdown_signal_1               0x000002ff   Thumb Code     0  libshutdown2.o(.ARM.Collect$$libshutdown$$00000009)
    __rt_lib_shutdown_stdio_1                0x000002ff   Thumb Code     0  libshutdown2.o(.ARM.Collect$$libshutdown$$00000003)
    __rt_lib_shutdown_user_alloc_1           0x000002ff   Thumb Code     0  libshutdown2.o(.ARM.Collect$$libshutdown$$0000000B)
    __rt_entry                               0x00000301   Thumb Code     0  rtentry.o(.ARM.Collect$$rtentry$$00000000)
    __rt_entry_presh_1                       0x00000301   Thumb Code     0  rtentry2.o(.ARM.Collect$$rtentry$$00000002)
    __rt_entry_sh                            0x00000301   Thumb Code     0  rtentry4.o(.ARM.Collect$$rtentry$$00000004)
    __rt_entry_li                            0x00000307   Thumb Code     0  rtentry2.o(.ARM.Collect$$rtentry$$0000000A)
    __rt_entry_postsh_1                      0x00000307   Thumb Code     0  rtentry2.o(.ARM.Collect$$rtentry$$00000009)
    __rt_entry_main                          0x0000030b   Thumb Code     0  rtentry2.o(.ARM.Collect$$rtentry$$0000000D)
    __rt_entry_postli_1                      0x0000030b   Thumb Code     0  rtentry2.o(.ARM.Collect$$rtentry$$0000000C)
    __rt_exit                                0x00000313   Thumb Code     0  rtexit.o(.ARM.Collect$$rtexit$$00000000)
    __rt_exit_ls                             0x00000315   Thumb Code     0  rtexit2.o(.ARM.Collect$$rtexit$$00000003)
    __rt_exit_prels_1                        0x00000315   Thumb Code     0  rtexit2.o(.ARM.Collect$$rtexit$$00000002)
    __rt_exit_exit                           0x00000319   Thumb Code     0  rtexit2.o(.ARM.Collect$$rtexit$$00000004)
    DisableInterrupts                        0x00000321   Thumb Code     0  startup.o(.text)
    EnableInterrupts                         0x00000325   Thumb Code     0  startup.o(.text)
    StartCritical                            0x00000329   Thumb Code     0  startup.o(.text)
    EndCritical                              0x00000331   Thumb Code     0  startup.o(.text)
    WaitForInterrupt                         0x00000337   Thumb Code     0  startup.o(.text)
    __user_initial_stackheap                 0x0000033b   Thumb Code     0  startup.o(.text)
    Random_Init                              0x00000351   Thumb Code     0  random.o(.text)
    Random32                                 0x0000035b   Thumb Code     2  random.o(.text)
    Random                                   0x0000036d   Thumb Code     2  random.o(.text)
    writecommand                             0x00000391   Thumb Code     0  lcd.o(.text)
    writedata                                0x000003c5   Thumb Code     0  lcd.o(.text)
    LCD_OutDec                               0x000003f9   Thumb Code     0  print.o(.text)
    LCD_OutFix                               0x00000427   Thumb Code     0  print.o(.text)
    ADC1_Init                                0x00000511   Thumb Code   170  texas.o(.text)
    SetCode                                  0x000005bb   Thumb Code    20  texas.o(.text)
    UART0_Init                               0x000005cf   Thumb Code   162  texas.o(.text)
    SetCourse                                0x00000671   Thumb Code    22  texas.o(.text)
    PLL_Init                                 0x00000687   Thumb Code   118  texas.o(.text)
    TExaS_Init                               0x000006fd   Thumb Code   282  texas.o(.text)
    StopTimer4                               0x00000817   Thumb Code    16  texas.o(.text)
    StartTimer4                              0x00000827   Thumb Code    24  texas.o(.text)
    Timer4A_Handler                          0x0000083f   Thumb Code    20  texas.o(.text)
    ADC1_In                                  0x00000853   Thumb Code     6  texas.o(.text)
    Timer5A_Handler                          0x00000859   Thumb Code    34  texas.o(.text)
    TExaS_Stop                               0x0000087b   Thumb Code    18  texas.o(.text)
    copy                                     0x0000088d   Thumb Code    16  texas.o(.text)
    SetMode                                  0x0000089d   Thumb Code    22  texas.o(.text)
    UART0_InChar                             0x000008b3   Thumb Code    20  texas.o(.text)
    UART0_InCharNonBlocking                  0x000008c7   Thumb Code    22  texas.o(.text)
    UART0_OutChar                            0x000008dd   Thumb Code   200  texas.o(.text)
    UART0_OutCharNonBlock                    0x000009a5   Thumb Code     6  texas.o(.text)
    __use_two_region_memory                  0x000009b1   Thumb Code     2  heapauxi.o(.text)
    __rt_heap_escrow$2region                 0x000009b3   Thumb Code     2  heapauxi.o(.text)
    __rt_heap_expand$2region                 0x000009b5   Thumb Code     2  heapauxi.o(.text)
    __user_setup_stackheap                   0x000009b7   Thumb Code    74  sys_stackheap_outer.o(.text)
    exit                                     0x00000a01   Thumb Code    12  exit.o(.text)
    __user_libspace                          0x00000a0d   Thumb Code     8  libspace.o(.text)
    __user_perproc_libspace                  0x00000a0d   Thumb Code     0  libspace.o(.text)
    __user_perthread_libspace                0x00000a0d   Thumb Code     0  libspace.o(.text)
    _sys_exit                                0x00000a15   Thumb Code     8  sys_exit.o(.text)
    __I$use$semihosting                      0x00000a21   Thumb Code     0  use_no_semi.o(.text)
    __use_no_semihosting_swi                 0x00000a21   Thumb Code     2  use_no_semi.o(.text)
    __semihosting_library_function           0x00000a23   Thumb Code     0  indicate_semi.o(.text)
    ADC_In                                   0x00000a25   Thumb Code    36  adc.o(i.ADC_In)
    ADC_Init                                 0x00000a51   Thumb Code   214  adc.o(i.ADC_Init)
    Check_Coll                               0x00000b41   Thumb Code    16  gameengine.o(i.Check_Coll)
    Check_GameOver                           0x00000b51   Thumb Code    58  gameengine.o(i.Check_GameOver)
    Convert                                  0x00000b99   Thumb Code    16  gameengine.o(i.Convert)
    DAC_Init                                 0x00000ba9   Thumb Code   120  dac.o(i.DAC_Init)
    DAC_Out                                  0x00000c31   Thumb Code     6  dac.o(i.DAC_Out)
    Delay1ms                                 0x00000c3d   Thumb Code    32  st7735.o(i.Delay1ms)
    DrawEnemMiss                             0x00000c5d   Thumb Code    66  gameengine.o(i.DrawEnemMiss)
    DrawEnemies                              0x00000ca5   Thumb Code   128  gameengine.o(i.DrawEnemies)
    DrawPlayer                               0x00000d2d   Thumb Code    68  gameengine.o(i.DrawPlayer)
    DrawRegMiss                              0x00000d79   Thumb Code    66  gameengine.o(i.DrawRegMiss)
    DrawSpecMiss                             0x00000dc1   Thumb Code    66  gameengine.o(i.DrawSpecMiss)
    Draw_Game                                0x00000e09   Thumb Code    24  gameengine.o(i.Draw_Game)
    EnemMiss_Collision                       0x00000e21   Thumb Code   104  gameengine.o(i.EnemMiss_Collision)
    EnemMiss_Fire                            0x00000e95   Thumb Code   108  gameengine.o(i.EnemMiss_Fire)
    EnemMiss_Move                            0x00000f15   Thumb Code    78  gameengine.o(i.EnemMiss_Move)
    Enemy_Move                               0x00000f6d   Thumb Code    62  gameengine.o(i.Enemy_Move)
    Game_Init                                0x00000fb1   Thumb Code   396  gameengine.o(i.Game_Init)
    Game_Over                                0x00001171   Thumb Code    68  gameengine.o(i.Game_Over)
    HeartBeat_Init                           0x000011e5   Thumb Code    94  switches.o(i.HeartBeat_Init)
    MoveThings                               0x00001255   Thumb Code    24  gameengine.o(i.MoveThings)
    Output_Init                              0x0000126d   Thumb Code    16  st7735.o(i.Output_Init)
    Player_Move                              0x0000127d   Thumb Code    28  gameengine.o(i.Player_Move)
    RandomGen                                0x0000129d   Thumb Code    18  gameengine.o(i.RandomGen)
    RegMiss_Collision                        0x000012b1   Thumb Code   200  gameengine.o(i.RegMiss_Collision)
    RegMiss_Fire                             0x0000138d   Thumb Code    80  gameengine.o(i.RegMiss_Fire)
    RegMiss_Move                             0x000013ed   Thumb Code    76  gameengine.o(i.RegMiss_Move)
    ST7735_DrawBitmap                        0x00001441   Thumb Code   280  st7735.o(i.ST7735_DrawBitmap)
    ST7735_DrawCharS                         0x00001561   Thumb Code   232  st7735.o(i.ST7735_DrawCharS)
    ST7735_DrawPixel                         0x00001655   Thumb Code    64  st7735.o(i.ST7735_DrawPixel)
    ST7735_DrawString                        0x0000169d   Thumb Code    86  st7735.o(i.ST7735_DrawString)
    ST7735_FillRect                          0x000016f5   Thumb Code   164  st7735.o(i.ST7735_FillRect)
    ST7735_FillScreen                        0x000017a1   Thumb Code    28  st7735.o(i.ST7735_FillScreen)
    ST7735_InitR                             0x000017c5   Thumb Code    90  st7735.o(i.ST7735_InitR)
    ST7735_OutChar                           0x00001841   Thumb Code   176  st7735.o(i.ST7735_OutChar)
    ST7735_OutString                         0x00001915   Thumb Code    24  st7735.o(i.ST7735_OutString)
    ST7735_SetCursor                         0x0000192d   Thumb Code    22  st7735.o(i.ST7735_SetCursor)
    SoundOut                                 0x0000194d   Thumb Code    16  sound.o(i.SoundOut)
    Sound_InvaderShoot                       0x00001969   Thumb Code    14  sound.o(i.Sound_InvaderShoot)
    Sound_Killed                             0x0000197d   Thumb Code    14  sound.o(i.Sound_Killed)
    Sound_Play                               0x00001991   Thumb Code    54  sound.o(i.Sound_Play)
    Sound_Shoot                              0x000019d5   Thumb Code    14  sound.o(i.Sound_Shoot)
    SpecMiss_Collision                       0x000019e9   Thumb Code   190  gameengine.o(i.SpecMiss_Collision)
    SpecMiss_Fire                            0x00001ab9   Thumb Code    80  gameengine.o(i.SpecMiss_Fire)
    SpecMiss_Move                            0x00001b19   Thumb Code    76  gameengine.o(i.SpecMiss_Move)
    Spec_Fire                                0x00001b6d   Thumb Code    38  switches.o(i.Spec_Fire)
    Switch_Fire                              0x00001b9d   Thumb Code    38  switches.o(i.Switch_Fire)
    Timer0A_Handler                          0x00001bcd   Thumb Code    20  timer0.o(i.Timer0A_Handler)
    Timer0_Init                              0x00001be9   Thumb Code    76  timer0.o(i.Timer0_Init)
    Timer1A_Handler                          0x00001c49   Thumb Code    16  timer1.o(i.Timer1A_Handler)
    Timer2A_Handler                          0x00001c61   Thumb Code    62  spaceinvaders.o(i.Timer2A_Handler)
    Timer2_Init                              0x00001cad   Thumb Code    84  spaceinvaders.o(i.Timer2_Init)
    Timer3A_Handler                          0x00001d15   Thumb Code    16  sound.o(i.Timer3A_Handler)
    Timer3_Init                              0x00001d2d   Thumb Code    74  sound.o(i.Timer3_Init)
    main                                     0x00001f69   Thumb Code   106  spaceinvaders.o(i.main)
    shoot                                    0x00002074   Data        4080  sound.o(.constdata)
    invaderkilled                            0x00003064   Data        3377  sound.o(.constdata)
    explosion                                0x00003d95   Data        2000  sound.o(.constdata)
    invadershoot                             0x00004565   Data         982  sound.o(.constdata)
    dBfs                                     0x00004f1d   Data         512  st7735.o(.constdata)
    SmallEnemy10pointA                       0x0000511e   Data         320  gameengine.o(.constdata)
    SmallEnemy10pointB                       0x0000525e   Data         320  gameengine.o(.constdata)
    SmallEnemy20pointA                       0x0000539e   Data         320  gameengine.o(.constdata)
    SmallEnemy20pointB                       0x000054de   Data         320  gameengine.o(.constdata)
    SmallEnemy30pointA                       0x0000561e   Data         320  gameengine.o(.constdata)
    SmallEnemy30pointB                       0x0000575e   Data         320  gameengine.o(.constdata)
    PlayerShip0                              0x0000589e   Data         288  gameengine.o(.constdata)
    Bunker0                                  0x000059be   Data         180  gameengine.o(.constdata)
    BigExplosion0                            0x00005a72   Data         430  gameengine.o(.constdata)
    smallexplosion0                          0x00005c20   Data         398  gameengine.o(.constdata)
    Missile0                                 0x00005dae   Data         310  gameengine.o(.constdata)
    Missile0New                              0x00005ee4   Data         112  gameengine.o(.constdata)
    Missile0New2                             0x00005f54   Data         112  gameengine.o(.constdata)
    PlayerShipNew                            0x00005fc4   Data         672  gameengine.o(.constdata)
    bomb                                     0x00006264   Data         800  gameengine.o(.constdata)
    InputPortMsg                             0x00006584   Data          40  texas.o(.constdata)
    OutputPortMsg                            0x000065ac   Data          40  texas.o(.constdata)
    BlankMsg                                 0x000065d4   Data          40  texas.o(.constdata)
    InitializedMsg                           0x000065fc   Data          40  texas.o(.constdata)
    IntroMsg                                 0x00006624   Data          40  texas.o(.constdata)
    DoneMsg                                  0x0000664c   Data          40  texas.o(.constdata)
    Region$$Table$$Base                      0x00006674   Number         0  anon$$obj.o(Region$$Table)
    Region$$Table$$Limit                     0x00006694   Number         0  anon$$obj.o(Region$$Table)
    PeriodicTask0                            0x20000000   Data           4  timer0.o(.data)
    PeriodicTask1                            0x20000004   Data           4  timer1.o(.data)
    Index                                    0x20000008   Data           4  sound.o(.data)
    SoundCount                               0x2000000c   Data           4  sound.o(.data)
    Wave                                     0x20000010   Data           4  sound.o(.data)
    PeriodicTask                             0x20000014   Data           4  sound.o(.data)
    GameOverFlag                             0x20000018   Data           1  spaceinvaders.o(.data)
    Semaphore                                0x20000019   Data           1  spaceinvaders.o(.data)
    TimerCount                               0x2000001c   Data           4  spaceinvaders.o(.data)
    StX                                      0x20000020   Data           4  st7735.o(.data)
    StY                                      0x20000024   Data           4  st7735.o(.data)
    StTextColor                              0x20000028   Data           2  st7735.o(.data)
    lastj                                    0x20000030   Data           4  st7735.o(.data)
    Messageindex                             0x20000038   Data           4  st7735.o(.data)
    Ymax                                     0x2000003c   Data           4  st7735.o(.data)
    Ymin                                     0x20000040   Data           4  st7735.o(.data)
    X                                        0x20000044   Data           4  st7735.o(.data)
    Yrange                                   0x20000048   Data           4  st7735.o(.data)
    Enemies                                  0x2000004c   Data           1  gameengine.o(.data)
    RegMissCount                             0x2000004d   Data           1  gameengine.o(.data)
    EnemMissCount                            0x2000004e   Data           1  gameengine.o(.data)
    SpecMissCount                            0x2000004f   Data           1  gameengine.o(.data)
    Score                                    0x20000050   Data           4  gameengine.o(.data)
    x                                        0x20000054   Data           4  gameengine.o(.data)
    PrevRegMiss                              0x20000058   Data           4  switches.o(.data)
    PrevSpecMiss                             0x2000005c   Data           4  switches.o(.data)
    TExaS_Period                             0x20000060   Data           4  texas.o(.data)
    TExaS_Ports                              0x20000064   Data           8  texas.o(.data)
    TExaS_Meter                              0x2000006c   Data           4  texas.o(.data)
    ADCnum                                   0x20000070   Data           4  texas.o(.data)
    LastMode                                 0x20000074   Data           4  texas.o(.data)
    bFlag                                    0x20000078   Data           4  texas.o(.data)
    Count                                    0x2000007c   Data           4  texas.o(.data)
    DelayBetweenTests                        0x20000080   Data           4  texas.o(.data)
    TExaS_Test                               0x20000084   Data           4  texas.o(.data)
    ScopeMode                                0x20000088   Data           4  texas.o(.data)
    ScopeCount                               0x2000008c   Data           4  texas.o(.data)
    Player                                   0x20000094   Data          20  gameengine.o(.bss)
    Enemy                                    0x200000a8   Data         144  gameengine.o(.bss)
    RegMiss                                  0x20000138   Data        1600  gameengine.o(.bss)
    EnemMiss                                 0x20000778   Data        1600  gameengine.o(.bss)
    SpecMiss                                 0x20000db8   Data          16  gameengine.o(.bss)
    TExaS                                    0x20000dc8   Data          56  texas.o(.bss)
    __libspace_start                         0x20000e00   Data          96  libspace.o(.bss)
    __temporary_stack_top$libspace           0x20000e60   Data           0  libspace.o(.bss)



==============================================================================

Memory Map of the image

  Image Entry point : 0x0000026d

  Load Region LR_1 (Base: 0x00000000, Size: 0x00006728, Max: 0xffffffff, ABSOLUTE)

    Execution Region ER_RO (Base: 0x00000000, Size: 0x00006694, Max: 0xffffffff, ABSOLUTE)

    Base Addr    Size         Type   Attr      Idx    E Section Name        Object

    0x00000000   0x00000284   Code   RO            3  * RESET               startup.o
    0x00000284   0x00000008   Code   RO          685  * !!!main             c_w.l(__main.o)
    0x0000028c   0x00000034   Code   RO          839    !!!scatter          c_w.l(__scatter.o)
    0x000002c0   0x0000001a   Code   RO          841    !!handler_copy      c_w.l(__scatter_copy.o)
    0x000002da   0x00000002   PAD
    0x000002dc   0x0000001c   Code   RO          843    !!handler_zi        c_w.l(__scatter_zi.o)
    0x000002f8   0x00000002   Code   RO          712    .ARM.Collect$$libinit$$00000000  c_w.l(libinit.o)
    0x000002fa   0x00000000   Code   RO          719    .ARM.Collect$$libinit$$00000002  c_w.l(libinit2.o)
    0x000002fa   0x00000000   Code   RO          722    .ARM.Collect$$libinit$$00000008  c_w.l(libinit2.o)
    0x000002fa   0x00000000   Code   RO          724    .ARM.Collect$$libinit$$0000000A  c_w.l(libinit2.o)
    0x000002fa   0x00000000   Code   RO          726    .ARM.Collect$$libinit$$0000000C  c_w.l(libinit2.o)
    0x000002fa   0x00000000   Code   RO          729    .ARM.Collect$$libinit$$0000000F  c_w.l(libinit2.o)
    0x000002fa   0x00000000   Code   RO          731    .ARM.Collect$$libinit$$00000011  c_w.l(libinit2.o)
    0x000002fa   0x00000000   Code   RO          733    .ARM.Collect$$libinit$$00000013  c_w.l(libinit2.o)
    0x000002fa   0x00000000   Code   RO          735    .ARM.Collect$$libinit$$00000015  c_w.l(libinit2.o)
    0x000002fa   0x00000000   Code   RO          737    .ARM.Collect$$libinit$$00000017  c_w.l(libinit2.o)
    0x000002fa   0x00000000   Code   RO          739    .ARM.Collect$$libinit$$00000019  c_w.l(libinit2.o)
    0x000002fa   0x00000000   Code   RO          741    .ARM.Collect$$libinit$$0000001B  c_w.l(libinit2.o)
    0x000002fa   0x00000000   Code   RO          743    .ARM.Collect$$libinit$$0000001D  c_w.l(libinit2.o)
    0x000002fa   0x00000000   Code   RO          745    .ARM.Collect$$libinit$$0000001F  c_w.l(libinit2.o)
    0x000002fa   0x00000000   Code   RO          747    .ARM.Collect$$libinit$$00000021  c_w.l(libinit2.o)
    0x000002fa   0x00000000   Code   RO          749    .ARM.Collect$$libinit$$00000023  c_w.l(libinit2.o)
    0x000002fa   0x00000000   Code   RO          753    .ARM.Collect$$libinit$$0000002A  c_w.l(libinit2.o)
    0x000002fa   0x00000000   Code   RO          755    .ARM.Collect$$libinit$$0000002C  c_w.l(libinit2.o)
    0x000002fa   0x00000000   Code   RO          757    .ARM.Collect$$libinit$$0000002E  c_w.l(libinit2.o)
    0x000002fa   0x00000000   Code   RO          759    .ARM.Collect$$libinit$$00000030  c_w.l(libinit2.o)
    0x000002fa   0x00000002   Code   RO          760    .ARM.Collect$$libinit$$00000031  c_w.l(libinit2.o)
    0x000002fc   0x00000002   Code   RO          780    .ARM.Collect$$libshutdown$$00000000  c_w.l(libshutdown.o)
    0x000002fe   0x00000000   Code   RO          794    .ARM.Collect$$libshutdown$$00000003  c_w.l(libshutdown2.o)
    0x000002fe   0x00000000   Code   RO          797    .ARM.Collect$$libshutdown$$00000006  c_w.l(libshutdown2.o)
    0x000002fe   0x00000000   Code   RO          800    .ARM.Collect$$libshutdown$$00000009  c_w.l(libshutdown2.o)
    0x000002fe   0x00000000   Code   RO          802    .ARM.Collect$$libshutdown$$0000000B  c_w.l(libshutdown2.o)
    0x000002fe   0x00000000   Code   RO          805    .ARM.Collect$$libshutdown$$0000000E  c_w.l(libshutdown2.o)
    0x000002fe   0x00000002   Code   RO          806    .ARM.Collect$$libshutdown$$0000000F  c_w.l(libshutdown2.o)
    0x00000300   0x00000000   Code   RO          687    .ARM.Collect$$rtentry$$00000000  c_w.l(rtentry.o)
    0x00000300   0x00000000   Code   RO          689    .ARM.Collect$$rtentry$$00000002  c_w.l(rtentry2.o)
    0x00000300   0x00000006   Code   RO          701    .ARM.Collect$$rtentry$$00000004  c_w.l(rtentry4.o)
    0x00000306   0x00000000   Code   RO          691    .ARM.Collect$$rtentry$$00000009  c_w.l(rtentry2.o)
    0x00000306   0x00000004   Code   RO          692    .ARM.Collect$$rtentry$$0000000A  c_w.l(rtentry2.o)
    0x0000030a   0x00000000   Code   RO          694    .ARM.Collect$$rtentry$$0000000C  c_w.l(rtentry2.o)
    0x0000030a   0x00000008   Code   RO          695    .ARM.Collect$$rtentry$$0000000D  c_w.l(rtentry2.o)
    0x00000312   0x00000002   Code   RO          716    .ARM.Collect$$rtexit$$00000000  c_w.l(rtexit.o)
    0x00000314   0x00000000   Code   RO          762    .ARM.Collect$$rtexit$$00000002  c_w.l(rtexit2.o)
    0x00000314   0x00000004   Code   RO          763    .ARM.Collect$$rtexit$$00000003  c_w.l(rtexit2.o)
    0x00000318   0x00000006   Code   RO          764    .ARM.Collect$$rtexit$$00000004  c_w.l(rtexit2.o)
    0x0000031e   0x00000002   PAD
    0x00000320   0x00000030   Code   RO            4    .text               startup.o
    0x00000350   0x00000040   Code   RO           13    .text               random.o
    0x00000390   0x00000068   Code   RO          172    .text               lcd.o
    0x000003f8   0x00000118   Code   RO          175    .text               print.o
    0x00000510   0x000004a0   Code   RO          664    .text               texas.o
    0x000009b0   0x00000006   Code   RO          683    .text               c_w.l(heapauxi.o)
    0x000009b6   0x0000004a   Code   RO          703    .text               c_w.l(sys_stackheap_outer.o)
    0x00000a00   0x0000000c   Code   RO          705    .text               c_w.l(exit.o)
    0x00000a0c   0x00000008   Code   RO          713    .text               c_w.l(libspace.o)
    0x00000a14   0x0000000c   Code   RO          772    .text               c_w.l(sys_exit.o)
    0x00000a20   0x00000002   Code   RO          783    .text               c_w.l(use_no_semi.o)
    0x00000a22   0x00000000   Code   RO          785    .text               c_w.l(indicate_semi.o)
    0x00000a22   0x00000002   PAD
    0x00000a24   0x0000002c   Code   RO           41    i.ADC_In            adc.o
    0x00000a50   0x000000f0   Code   RO           42    i.ADC_Init          adc.o
    0x00000b40   0x00000010   Code   RO          481    i.Check_Coll        gameengine.o
    0x00000b50   0x00000048   Code   RO          482    i.Check_GameOver    gameengine.o
    0x00000b98   0x00000010   Code   RO          483    i.Convert           gameengine.o
    0x00000ba8   0x00000088   Code   RO           16    i.DAC_Init          dac.o
    0x00000c30   0x0000000c   Code   RO           17    i.DAC_Out           dac.o
    0x00000c3c   0x00000020   Code   RO          218    i.Delay1ms          st7735.o
    0x00000c5c   0x00000048   Code   RO          484    i.DrawEnemMiss      gameengine.o
    0x00000ca4   0x00000088   Code   RO          485    i.DrawEnemies       gameengine.o
    0x00000d2c   0x0000004c   Code   RO          486    i.DrawPlayer        gameengine.o
    0x00000d78   0x00000048   Code   RO          487    i.DrawRegMiss       gameengine.o
    0x00000dc0   0x00000048   Code   RO          488    i.DrawSpecMiss      gameengine.o
    0x00000e08   0x00000018   Code   RO          489    i.Draw_Game         gameengine.o
    0x00000e20   0x00000074   Code   RO          490    i.EnemMiss_Collision  gameengine.o
    0x00000e94   0x00000080   Code   RO          491    i.EnemMiss_Fire     gameengine.o
    0x00000f14   0x00000058   Code   RO          492    i.EnemMiss_Move     gameengine.o
    0x00000f6c   0x00000044   Code   RO          493    i.Enemy_Move        gameengine.o
    0x00000fb0   0x000001c0   Code   RO          494    i.Game_Init         gameengine.o
    0x00001170   0x00000074   Code   RO          495    i.Game_Over         gameengine.o
    0x000011e4   0x00000070   Code   RO          637    i.HeartBeat_Init    switches.o
    0x00001254   0x00000018   Code   RO          496    i.MoveThings        gameengine.o
    0x0000126c   0x00000010   Code   RO          221    i.Output_Init       st7735.o
    0x0000127c   0x00000020   Code   RO          497    i.Player_Move       gameengine.o
    0x0000129c   0x00000012   Code   RO          498    i.RandomGen         gameengine.o
    0x000012ae   0x00000002   PAD
    0x000012b0   0x000000dc   Code   RO          499    i.RegMiss_Collision  gameengine.o
    0x0000138c   0x00000060   Code   RO          500    i.RegMiss_Fire      gameengine.o
    0x000013ec   0x00000054   Code   RO          501    i.RegMiss_Move      gameengine.o
    0x00001440   0x00000120   Code   RO          225    i.ST7735_DrawBitmap  st7735.o
    0x00001560   0x000000f4   Code   RO          227    i.ST7735_DrawCharS  st7735.o
    0x00001654   0x00000048   Code   RO          230    i.ST7735_DrawPixel  st7735.o
    0x0000169c   0x00000056   Code   RO          231    i.ST7735_DrawString  st7735.o
    0x000016f2   0x00000002   PAD
    0x000016f4   0x000000ac   Code   RO          232    i.ST7735_FillRect   st7735.o
    0x000017a0   0x00000024   Code   RO          233    i.ST7735_FillScreen  st7735.o
    0x000017c4   0x0000007c   Code   RO          235    i.ST7735_InitR      st7735.o
    0x00001840   0x000000d4   Code   RO          237    i.ST7735_OutChar    st7735.o
    0x00001914   0x00000018   Code   RO          238    i.ST7735_OutString  st7735.o
    0x0000192c   0x00000020   Code   RO          248    i.ST7735_SetCursor  st7735.o
    0x0000194c   0x0000001c   Code   RO          101    i.SoundOut          sound.o
    0x00001968   0x00000014   Code   RO          104    i.Sound_InvaderShoot  sound.o
    0x0000197c   0x00000014   Code   RO          105    i.Sound_Killed      sound.o
    0x00001990   0x00000044   Code   RO          106    i.Sound_Play        sound.o
    0x000019d4   0x00000014   Code   RO          107    i.Sound_Shoot       sound.o
    0x000019e8   0x000000d0   Code   RO          502    i.SpecMiss_Collision  gameengine.o
    0x00001ab8   0x00000060   Code   RO          503    i.SpecMiss_Fire     gameengine.o
    0x00001b18   0x00000054   Code   RO          504    i.SpecMiss_Move     gameengine.o
    0x00001b6c   0x00000030   Code   RO          638    i.Spec_Fire         switches.o
    0x00001b9c   0x00000030   Code   RO          639    i.Switch_Fire       switches.o
    0x00001bcc   0x0000001c   Code   RO           59    i.Timer0A_Handler   timer0.o
    0x00001be8   0x00000060   Code   RO           60    i.Timer0_Init       timer0.o
    0x00001c48   0x00000018   Code   RO           80    i.Timer1A_Handler   timer1.o
    0x00001c60   0x0000004c   Code   RO          179    i.Timer2A_Handler   spaceinvaders.o
    0x00001cac   0x00000068   Code   RO          180    i.Timer2_Init       spaceinvaders.o
    0x00001d14   0x00000018   Code   RO          108    i.Timer3A_Handler   sound.o
    0x00001d2c   0x00000060   Code   RO          109    i.Timer3_Init       sound.o
    0x00001d8c   0x00000056   Code   RO          252    i.commandList       st7735.o
    0x00001de2   0x00000002   PAD
    0x00001de4   0x00000184   Code   RO          253    i.commonInit        st7735.o
    0x00001f68   0x00000084   Code   RO          181    i.main              spaceinvaders.o
    0x00001fec   0x00000012   Code   RO          258    i.pushColor         st7735.o
    0x00001ffe   0x00000002   PAD
    0x00002000   0x00000074   Code   RO          259    i.setAddrWindow     st7735.o
    0x00002074   0x000028c7   Data   RO          110    .constdata          sound.o
    0x0000493b   0x000007e2   Data   RO          261    .constdata          st7735.o
    0x0000511d   0x00000001   PAD
    0x0000511e   0x00001466   Data   RO          506    .constdata          gameengine.o
    0x00006584   0x000000f0   Data   RO          666    .constdata          texas.o
    0x00006674   0x00000020   Data   RO          837    Region$$Table       anon$$obj.o


    Execution Region ER_RW (Base: 0x20000000, Size: 0x00000094, Max: 0xffffffff, ABSOLUTE)

    Base Addr    Size         Type   Attr      Idx    E Section Name        Object

    0x20000000   0x00000004   Data   RW           61    .data               timer0.o
    0x20000004   0x00000004   Data   RW           82    .data               timer1.o
    0x20000008   0x00000010   Data   RW          111    .data               sound.o
    0x20000018   0x00000008   Data   RW          182    .data               spaceinvaders.o
    0x20000020   0x0000002c   Data   RW          262    .data               st7735.o
    0x2000004c   0x0000000c   Data   RW          507    .data               gameengine.o
    0x20000058   0x00000008   Data   RW          640    .data               switches.o
    0x20000060   0x00000030   Data   RW          667    .data               texas.o
    0x20000090   0x00000004   Data   RW           12    DATA                random.o


    Execution Region ER_ZI (Base: 0x20000094, Size: 0x000011cc, Max: 0xffffffff, ABSOLUTE)

    Base Addr    Size         Type   Attr      Idx    E Section Name        Object

    0x20000094   0x00000d34   Zero   RW          505    .bss                gameengine.o
    0x20000dc8   0x00000038   Zero   RW          665    .bss                texas.o
    0x20000e00   0x00000060   Zero   RW          714    .bss                c_w.l(libspace.o)
    0x20000e60   0x00000000   Zero   RW            2    HEAP                startup.o
    0x20000e60   0x00000400   Zero   RW            1    STACK               startup.o


==============================================================================

Image component sizes


      Code (inc. data)   RO Data    RW Data    ZI Data      Debug   Object Name

       284         34          0          0          0        880   adc.o
       148         22          0          0          0       4985   dac.o
      2382        286       5222         12       3380      12674   gameengine.o
       104         14          0          0          0        204   lcd.o
       280          2          0          0          0        252   print.o
        64         14          0          4          0        196   random.o
       276         74      10439         16          0       3782   sound.o
       312         60          0          8          0       2147   spaceinvaders.o
      1946        182       2018         44          0      12132   st7735.o
       692        632          0          0       1024        892   startup.o
       208         38          0          8          0       1458   switches.o
      1184        188        240         48         56      14668   texas.o
       124         28          0          4          0       1284   timer0.o
        24          8          0          4          0        802   timer1.o

    ----------------------------------------------------------------------
      8036       1582      17952        148       4460      56356   Object Totals
         0          0         32          0          0          0   (incl. Generated)
         8          0          1          0          0          0   (incl. Padding)

    ----------------------------------------------------------------------

      Code (inc. data)   RO Data    RW Data    ZI Data      Debug   Library Member Name

         8          0          0          0          0         68   __main.o
        52          8          0          0          0          0   __scatter.o
        26          0          0          0          0          0   __scatter_copy.o
        28          0          0          0          0          0   __scatter_zi.o
        12          0          0          0          0         72   exit.o
         6          0          0          0          0        152   heapauxi.o
         0          0          0          0          0          0   indicate_semi.o
         2          0          0          0          0          0   libinit.o
         2          0          0          0          0          0   libinit2.o
         2          0          0          0          0          0   libshutdown.o
         2          0          0          0          0          0   libshutdown2.o
         8          4          0          0         96         68   libspace.o
         0          0          0          0          0          0   rtentry.o
        12          0          0          0          0          0   rtentry2.o
         6          0          0          0          0          0   rtentry4.o
         2          0          0          0          0          0   rtexit.o
        10          0          0          0          0          0   rtexit2.o
        12          4          0          0          0         68   sys_exit.o
        74          0          0          0          0         80   sys_stackheap_outer.o
         2          0          0          0          0         68   use_no_semi.o

    ----------------------------------------------------------------------
       272         16          0          0         96        576   Library Totals
         6          0          0          0          0          0   (incl. Padding)

    ----------------------------------------------------------------------

      Code (inc. data)   RO Data    RW Data    ZI Data      Debug   Library Name

       266         16          0          0         96        576   c_w.l

    ----------------------------------------------------------------------
       272         16          0          0         96        576   Library Totals

    ----------------------------------------------------------------------

==============================================================================


      Code (inc. data)   RO Data    RW Data    ZI Data      Debug   

      8308       1598      17952        148       4556      53500   Grand Totals
      8308       1598      17952        148       4556      53500   ELF Image Totals
      8308       1598      17952        148          0          0   ROM Totals

==============================================================================

    Total RO  Size (Code + RO Data)                26260 (  25.64kB)
    Total RW  Size (RW Data + ZI Data)              4704 (   4.59kB)
    Total ROM Size (Code + RO Data + RW Data)      26408 (  25.79kB)

==============================================================================

